01-19 15:12:54.122 D/dalvikvm(11977): GC_FOR_MALLOC freed 22K, 48% free 3594K/6855K, external 1685K/2133K, paused 63ms
01-19 15:12:54.132 I/dalvikvm-heap(11977): Grow heap (frag case) to 7.571MB for 96274-byte allocation
01-19 15:12:54.182 D/dalvikvm(11977): GC_FOR_MALLOC freed 0K, 48% free 3688K/6983K, external 1685K/2133K, paused 41ms
01-19 15:12:54.232 I/ActivityManager(  233): Start proc com.sonyericsson.widgets for broadcast com.sonyericsson.mediawidget/.MediaAppWidgetProvider: pid=12010 uid=10149 gids={1015}
01-19 15:12:54.292 D/dalvikvm(11977): GC_FOR_MALLOC freed 46K, 48% free 3642K/6983K, external 1685K/2133K, paused 90ms
01-19 15:12:54.292 I/dalvikvm-heap(11977): Grow heap (frag case) to 7.592MB for 69102-byte allocation
01-19 15:12:54.362 D/dalvikvm(11977): GC_FOR_MALLOC freed 95K, 50% free 3614K/7111K, external 1685K/2133K, paused 72ms
01-19 15:12:54.362 D/dalvikvm(11968): GC_CONCURRENT freed 137K, 43% free 3718K/6471K, external 4630K/5528K, paused 2ms+4ms
01-19 15:12:54.412 D/dalvikvm(11977): GC_FOR_MALLOC freed 189K, 48% free 3703K/7111K, external 1685K/2133K, paused 37ms
01-19 15:12:54.452 D/dalvikvm(11977): GC_FOR_MALLOC freed 56K, 47% free 3775K/7111K, external 1685K/2133K, paused 38ms
01-19 15:12:54.452 I/dalvikvm-heap(11977): Grow heap (frag case) to 7.723MB for 68981-byte allocation
01-19 15:12:54.502 D/dalvikvm(11977): GC_FOR_MALLOC freed 0K, 47% free 3843K/7239K, external 1685K/2133K, paused 29ms
01-19 15:12:54.722 D/dalvikvm(11968): GC_CONCURRENT freed 385K, 43% free 3767K/6535K, external 5637K/7014K, paused 3ms+6ms
01-19 15:12:55.082 D/dalvikvm(11977): GC_CONCURRENT freed 347K, 39% free 4423K/7239K, external 1685K/2133K, paused 2ms+4ms
01-19 15:12:55.142 E/dalvikvm(11977): Could not find class 'com.google.i18n.phonenumbers.Phonemetadata$PhoneMetadataCollection$Builder', referenced from method com.google.i18n.phonenumbers.Phonemetadata$PhoneMetadataCollection.newBuilder
01-19 15:12:55.142 W/dalvikvm(11977): VFY: unable to resolve new-instance 2561 (Lcom/google/i18n/phonenumbers/Phonemetadata$PhoneMetadataCollection$Builder;) in Lcom/google/i18n/phonenumbers/Phonemetadata$PhoneMetadataCollection;
01-19 15:12:55.142 D/dalvikvm(11977): VFY: replacing opcode 0x22 at 0x0000
01-19 15:12:55.142 D/dalvikvm(11977): VFY: dead code 0x0002-0005 in Lcom/google/i18n/phonenumbers/Phonemetadata$PhoneMetadataCollection;.newBuilder ()Lcom/google/i18n/phonenumbers/Phonemetadata$PhoneMetadataCollection$Builder;
01-19 15:12:55.142 E/dalvikvm(11977): Could not find class 'com.google.i18n.phonenumbers.Phonemetadata$PhoneMetadata$Builder', referenced from method com.google.i18n.phonenumbers.Phonemetadata$PhoneMetadata.newBuilder
01-19 15:12:55.152 W/dalvikvm(11977): VFY: unable to resolve new-instance 2559 (Lcom/google/i18n/phonenumbers/Phonemetadata$PhoneMetadata$Builder;) in Lcom/google/i18n/phonenumbers/Phonemetadata$PhoneMetadata;
01-19 15:12:55.152 D/dalvikvm(11977): VFY: replacing opcode 0x22 at 0x0000
01-19 15:12:55.152 D/dalvikvm(11977): VFY: dead code 0x0002-0005 in Lcom/google/i18n/phonenumbers/Phonemetadata$PhoneMetadata;.newBuilder ()Lcom/google/i18n/phonenumbers/Phonemetadata$PhoneMetadata$Builder;
01-19 15:12:55.152 E/dalvikvm(11977): Could not find class 'com.google.i18n.phonenumbers.Phonemetadata$PhoneNumberDesc$Builder', referenced from method com.google.i18n.phonenumbers.Phonemetadata$PhoneNumberDesc.newBuilder
01-19 15:12:55.152 W/dalvikvm(11977): VFY: unable to resolve new-instance 2563 (Lcom/google/i18n/phonenumbers/Phonemetadata$PhoneNumberDesc$Builder;) in Lcom/google/i18n/phonenumbers/Phonemetadata$PhoneNumberDesc;
01-19 15:12:55.152 D/dalvikvm(11977): VFY: replacing opcode 0x22 at 0x0000
01-19 15:12:55.152 D/dalvikvm(11977): VFY: dead code 0x0002-0005 in Lcom/google/i18n/phonenumbers/Phonemetadata$PhoneNumberDesc;.newBuilder ()Lcom/google/i18n/phonenumbers/Phonemetadata$PhoneNumberDesc$Builder;
01-19 15:12:55.172 E/dalvikvm(11977): Could not find class 'com.google.i18n.phonenumbers.Phonemetadata$NumberFormat$Builder', referenced from method com.google.i18n.phonenumbers.Phonemetadata$NumberFormat.newBuilder
01-19 15:12:55.172 W/dalvikvm(11977): VFY: unable to resolve new-instance 2557 (Lcom/google/i18n/phonenumbers/Phonemetadata$NumberFormat$Builder;) in Lcom/google/i18n/phonenumbers/Phonemetadata$NumberFormat;
01-19 15:12:55.172 D/dalvikvm(11977): VFY: replacing opcode 0x22 at 0x0000
01-19 15:12:55.172 D/dalvikvm(11977): VFY: dead code 0x0002-0005 in Lcom/google/i18n/phonenumbers/Phonemetadata$NumberFormat;.newBuilder ()Lcom/google/i18n/phonenumbers/Phonemetadata$NumberFormat$Builder;
01-19 15:12:55.562 D/dalvikvm(11968): GC_CONCURRENT freed 435K, 44% free 3782K/6663K, external 7118K/8831K, paused 2ms+11ms
01-19 15:12:56.282 D/dalvikvm(11977): GC_CONCURRENT freed 964K, 43% free 4597K/7943K, external 1685K/2133K, paused 13ms+9ms
01-19 15:12:56.722 D/dalvikvm(11968): GC_CONCURRENT freed 246K, 43% free 3812K/6663K, external 9831K/10761K, paused 2ms+3ms
01-19 15:12:59.122 D/dalvikvm(11968): GC_CONCURRENT freed 197K, 43% free 3862K/6663K, external 10519K/12567K, paused 421ms+3ms
01-19 15:13:02.042 D/dalvikvm(11968): GC_CONCURRENT freed 217K, 42% free 3913K/6663K, external 11302K/13310K, paused 2ms+5ms
01-19 15:13:05.332 D/skia    (  305): purging 21K from font cache [3 entries]
01-19 15:13:05.402 D/dalvikvm(  305): GC_EXPLICIT freed 63K, 56% free 3264K/7303K, external 2565K/3200K, paused 64ms
01-19 15:13:05.732 I/ActivityManager(  233): Starting: Intent { act=android.intent.action.MAIN cat=[android.intent.category.LAUNCHER] flg=0x10200000 cmp=com.xtralogic.android.logcollector/.SendLogActivity bnds=[125,115][238,273] } from pid 11968
01-19 15:13:06.072 I/ActivityManager(  233): Start proc com.xtralogic.android.logcollector for activity com.xtralogic.android.logcollector/.SendLogActivity: pid=12026 uid=10173 gids={1007, 1015}
01-19 15:13:06.372 I/ActivityManager(  233): Start proc com.android.email for activity com.android.email/.activity.MessageCompose: pid=12033 uid=10001 gids={3003, 1015}
01-19 15:13:06.402 I/ActivityManager(  233): Starting: Intent { flg=0x10000000 cmp=com.morrison.applocklite/.PasswordActivity (has extras) } from pid 2388
01-19 15:13:06.662 I/ActivityThread(12033): Pub com.android.exchange.provider: com.android.exchange.provider.ExchangeProvider
01-19 15:13:06.682 I/ActivityThread(12033): Pub com.android.email.provider: com.android.email.provider.EmailProvider
01-19 15:13:06.702 I/ActivityThread(12033): Pub com.android.email.attachmentprovider: com.android.email.provider.AttachmentProvider
01-19 15:13:06.912 W/ActivityManager(  233): Activity pause timeout for HistoryRecord{2b35b5b8 com.xtralogic.android.logcollector/.SendLogActivity}
01-19 15:13:06.992 D/EAS SyncManager(12033): !!! EAS SyncManager, onCreate
01-19 15:13:07.032 D/EAS SyncManager(12033): !!! EAS SyncManager, onBind
01-19 15:13:07.202 D/EAS SyncManager(12033): !!! EAS SyncManager, stopping self
01-19 15:13:07.362 D/Eas Debug(12033): Logging: 
01-19 15:13:07.372 D/EAS SyncManager(12033): !!! EAS SyncManager, onDestroy
01-19 15:13:07.442 D/AdfonicAdView( 2388): Ad request : http://adfonic.net/ad/04e27180-61ab-4d23-92bd-f56cd78280cb?r.mccmnc=40413&t.beacons=metadata&r.id=4ebf29570bb6e821&u.lang=en&r.nettype=wifi&h.user-agent=Mozilla%2F5.0+%28Linux%3B+U%3B+Android+2.3.4%3B+en-us%3B+MT15i+Build%2F4.0.2.A.0.42%29+AppleWebKit%2F533.1+%28KHTML%2C+like+Gecko%29+Version%2F4.0+Mobile+Safari%2F533.1&r.client=Adfonic%2FAndroid%2F1.1.1&t.format=json&t.markup=0
01-19 15:13:07.652 I/ActivityManager(  233): Process android.process.media (pid 11958) has died.
01-19 15:13:07.662 W/kernel  (  130): [263150.730834] select 11958 (d.process.media), adj 8, size 3790, to kill
01-19 15:13:07.662 W/kernel  (  130): [263150.730865] send sigkill to 11958 (d.process.media), adj 8, size 3790
01-19 15:13:07.752 I/ActivityManager(  233): Process com.google.android.googlequicksearchbox (pid 11993) has died.
01-19 15:13:07.762 W/kernel  (  130): [263150.829925] select 11985 (n.customization), adj 7, size 3498, to kill
01-19 15:13:07.762 W/kernel  (  130): [263150.829925] select 11993 (equicksearchbox), adj 8, size 3643, to kill
01-19 15:13:07.762 W/kernel  (  130): [263150.829956] send sigkill to 11993 (equicksearchbox), adj 8, size 3643
01-19 15:13:07.762 D/CustomizationProvider(11985): openFile -- START uri=content://com.sonyericsson.provider.customization/settings/com.sonyericsson.textinput.uxp
01-19 15:13:07.762 I/CustomizationProvider(11985): No configuration file: /system/etc/customization/settings/com/sonyericsson/textinput/uxp/custom_settings.xml
01-19 15:13:07.822 I/ActivityManager(  233): Displayed com.morrison.applocklite/.PasswordActivity: +917ms (total +1s789ms)
01-19 15:13:08.972 D/AdfonicAdView( 2388): Full adfonic response: {"adId":"ac8c7adb-5957-414d-9e05-d0328a42d6b7","status":"success","components":{"image":{"height":"50","width":"300","url":"http:\/\/r.w.inmobi.com\/FileData\/094d1f6e-f329-4662-b65d-21ff7a9e95439.jpg"},"beacons":{"numBeacons":"1","beacon1":"http:\/\/adfonic.net\/bc\/04e27180-61ab-4d23-92bd-f56cd78280cb\/ac8c7adb-5957-414d-9e05-d0328a42d6b7.gif"}},"format":"banner","destination":{"type":"UNKNOWN","url":"http:\/\/adfonic.net\/ct\/04e27180-61ab-4d23-92bd-f56cd78280cb\/ac8c7adb-5957-414d-9e05-d0328a42d6b7"}}
01-19 15:13:11.672 D/lights  (  233): set_light_buttons: brightness=0
01-19 15:13:14.972 D/dalvikvm(24581): GC_EXPLICIT freed 2K, 51% free 2838K/5767K, external 1685K/2133K, paused 78ms
01-19 15:13:15.192 I/WindowManager(  233): Setting rotation to 3, animFlags=0
01-19 15:13:15.213 I/ActivityManager(  233): Config changed: { scale=1.0 imsi=404/13 loc=en_US touch=3 keys=1/1/2 nav=1/1 orien=2 layout=34 uiMode=17 theme=ComponentInfo{com.sonyericsson.defaultruntimethemes/com.sonyericsson.defaultruntimethemes.BlackThemeService} seq=893}
01-19 15:13:15.392 D/RPLOG   (11521): RP (RP-MediaPlaybackService) onConfigurationChanged
01-19 15:13:15.392 D/GestureDetector( 1093): touchSlop:35 doubleTapSlop:215
01-19 15:13:15.392 W/RPLOG   (11521): RP (RP-MediaPlaybackService) WIDGET: No ids found.
01-19 15:13:15.432 D/webviewglue( 2388): nativeDestroy view: 0x6955f0
01-19 15:13:15.642 D/CustomizationProvider(11985): openFile -- START uri=content://com.sonyericsson.provider.customization/settings/com.sonyericsson.textinput.uxp
01-19 15:13:15.642 I/CustomizationProvider(11985): No configuration file: /system/etc/customization/settings/com/sonyericsson/textinput/uxp/custom_settings.xml
01-19 15:13:15.752 D/dalvikvm( 2388): GC_CONCURRENT freed 580K, 59% free 3615K/8647K, external 7007K/7743K, paused 4ms+9ms
01-19 15:13:15.822 D/AdfonicAdView( 2388): Ad request : http://adfonic.net/ad/04e27180-61ab-4d23-92bd-f56cd78280cb?r.mccmnc=40413&t.beacons=metadata&r.id=4ebf29570bb6e821&u.lang=en&r.nettype=wifi&h.user-agent=Mozilla%2F5.0+%28Linux%3B+U%3B+Android+2.3.4%3B+en-us%3B+MT15i+Build%2F4.0.2.A.0.42%29+AppleWebKit%2F533.1+%28KHTML%2C+like+Gecko%29+Version%2F4.0+Mobile+Safari%2F533.1&r.client=Adfonic%2FAndroid%2F1.1.1&t.format=json&t.markup=0
01-19 15:13:16.002 D/CustomizationProvider(11985): openFile -- START uri=content://com.sonyericsson.provider.customization/settings/com.sonyericsson.textinput.uxp
01-19 15:13:16.002 I/CustomizationProvider(11985): No configuration file: /system/etc/customization/settings/com/sonyericsson/textinput/uxp/custom_settings.xml
01-19 15:13:16.442 D/AdfonicAdView( 2388): Full adfonic response: {"adId":"2fb5d55c-9f72-4f1e-a83e-a82be0bd6836","status":"success","components":{"image":{"height":"50","width":"300","url":"http:\/\/r.w.inmobi.com\/FileData\/3941cc82-c052-49f3-98be-a1748c62938e9.jpg"},"beacons":{"numBeacons":"1","beacon1":"http:\/\/adfonic.net\/bc\/04e27180-61ab-4d23-92bd-f56cd78280cb\/2fb5d55c-9f72-4f1e-a83e-a82be0bd6836.gif"}},"format":"banner","destination":{"type":"UNKNOWN","url":"http:\/\/adfonic.net\/ct\/04e27180-61ab-4d23-92bd-f56cd78280cb\/2fb5d55c-9f72-4f1e-a83e-a82be0bd6836"}}
01-19 15:13:18.262 D/dalvikvm(  233): GC_EXPLICIT freed 555K, 47% free 8889K/16519K, external 9110K/11158K, paused 147ms
01-19 15:13:19.222 D/Email   (12033): *** synchronizeMailboxGeneric ***
01-19 15:13:20.792 I/WindowManager(  233): Setting rotation to 1, animFlags=0
01-19 15:13:23.002 D/dalvikvm(  233): GC_EXPLICIT freed 75K, 47% free 8843K/16519K, external 9110K/11158K, paused 172ms
01-19 15:13:27.992 I/Yahoo! - AirMail Push( 2613): Service started with intent=Intent { act=com.yahoo.mobile.client.android.yahoo.RECONNECT flg=0x4 cmp=com.yahoo.mobile.client.android.yahoo/com.urbanairship.airmail.AirMailService (has extras) }
01-19 15:13:28.022 I/Yahoo! - AirMail Push( 2613): Detected active IP address as: 192.168.2.43
01-19 15:13:28.022 I/Yahoo! - AirMail Push( 2613): Current IP: 192.168.2.43. Previous IP: 192.168.2.43
01-19 15:13:28.022 I/Yahoo! - AirMail Push( 2613): IP Changed: false
01-19 15:13:28.052 I/Yahoo! - AirMail Push( 2613): Reconnecting...
01-19 15:13:28.082 I/Yahoo! - AirMail Push( 2613): Detected active IP address as: 192.168.2.43
01-19 15:13:29.662 I/Yahoo! - AirMail Push( 2613): Received enhanced lookup response from BoxOffice.
01-19 15:13:29.682 I/Yahoo! - AirMail Push( 2613): Received BoxOffice response to reconnect after: 1327571009. Currently: 1326966209. Shutting downfor 604800 seconds.
01-19 15:13:29.692 I/Yahoo! - AirMail Push( 2613): Service started with intent=Intent { act=com.yahoo.mobile.client.android.yahoo.STOP cmp=com.yahoo.mobile.client.android.yahoo/com.urbanairship.airmail.AirMailService }
01-19 15:13:29.702 I/Yahoo! - AirMail Push( 2613): No Helium servers returned from BoxOffice lookup.
01-19 15:13:29.712 I/Yahoo! - AirMail Push( 2613): Exception in Helium connection. Network type=WIFI
01-19 15:13:29.802 I/Yahoo! - AirMail Push( 2613): Connection aborting.
01-19 15:13:29.802 I/Yahoo! - AirMail Push( 2613): Closing socket.
01-19 15:13:29.802 E/Yahoo! - AirMail Push( 2613): null
01-19 15:13:29.802 E/Yahoo! - AirMail Push( 2613): java.lang.Exception: No Helium servers available for connection.
01-19 15:13:29.802 E/Yahoo! - AirMail Push( 2613): at com.urbanairship.airmail.ConnectionThread.run(ConnectionThread.java:48)
01-19 15:13:29.802 I/Yahoo! - AirMail Push( 2613): Connection aborted, shutting down. Network type=WIFI
01-19 15:13:29.812 I/Yahoo! - AirMail Push( 2613): Service stopped, socket closed successfully.
01-19 15:13:29.812 I/Yahoo! - AirMail Push( 2613): Service destroyed (started=false)
01-19 15:13:29.852 D/dalvikvm( 2613): GC_CONCURRENT freed 265K, 46% free 3345K/6087K, external 1685K/2133K, paused 11ms+4ms
01-19 15:13:30.192 I/WindowManager(  233): Setting rotation to 0, animFlags=0
01-19 15:13:30.214 I/ActivityManager(  233): Config changed: { scale=1.0 imsi=404/13 loc=en_US touch=3 keys=1/1/2 nav=1/1 orien=1 layout=34 uiMode=17 theme=ComponentInfo{com.sonyericsson.defaultruntimethemes/com.sonyericsson.defaultruntimethemes.BlackThemeService} seq=894}
01-19 15:13:30.322 D/RPLOG   (11521): RP (RP-MediaPlaybackService) onConfigurationChanged
01-19 15:13:30.362 W/RPLOG   (11521): RP (RP-MediaPlaybackService) WIDGET: No ids found.
01-19 15:13:30.372 D/GestureDetector( 1093): touchSlop:35 doubleTapSlop:215
01-19 15:13:30.412 D/webviewglue( 2388): nativeDestroy view: 0x6955f0
01-19 15:13:30.442 D/CustomizationProvider(11985): openFile -- START uri=content://com.sonyericsson.provider.customization/settings/com.sonyericsson.textinput.uxp
01-19 15:13:30.442 I/CustomizationProvider(11985): No configuration file: /system/etc/customization/settings/com/sonyericsson/textinput/uxp/custom_settings.xml
01-19 15:13:30.822 D/dalvikvm( 1093): GC_CONCURRENT freed 642K, 54% free 3450K/7367K, external 3908K/4580K, paused 2ms+178ms
01-19 15:13:30.942 D/AdfonicAdView( 2388): Ad request : http://adfonic.net/ad/04e27180-61ab-4d23-92bd-f56cd78280cb?r.mccmnc=40413&t.beacons=metadata&r.id=4ebf29570bb6e821&u.lang=en&r.nettype=wifi&h.user-agent=Mozilla%2F5.0+%28Linux%3B+U%3B+Android+2.3.4%3B+en-us%3B+MT15i+Build%2F4.0.2.A.0.42%29+AppleWebKit%2F533.1+%28KHTML%2C+like+Gecko%29+Version%2F4.0+Mobile+Safari%2F533.1&r.client=Adfonic%2FAndroid%2F1.1.1&t.format=json&t.markup=0
01-19 15:13:31.072 I/ActivityManager(  233): Start proc com.android.vending for broadcast com.android.vending/com.google.android.finsky.receivers.UpdateCheckReceiver: pid=12067 uid=10100 gids={3003, 1015}
01-19 15:13:31.132 D/CustomizationProvider(11985): openFile -- START uri=content://com.sonyericsson.provider.customization/settings/com.sonyericsson.textinput.uxp
01-19 15:13:31.132 I/CustomizationProvider(11985): No configuration file: /system/etc/customization/settings/com/sonyericsson/textinput/uxp/custom_settings.xml
01-19 15:13:31.292 I/ActivityThread(12067): Pub com.google.android.finsky.RecentSuggestionsProvider: com.google.android.finsky.providers.RecentSuggestionsProvider
01-19 15:13:32.392 W/kernel  (  130): [263175.463867] select 2613 (t.android.yahoo), adj 8, size 4756, to kill
01-19 15:13:32.392 W/kernel  (  130): [263175.463958] send sigkill to 2613 (t.android.yahoo), adj 8, size 4756
01-19 15:13:32.402 D/AdfonicAdView( 2388): Full adfonic response: {"adId":"fdb5ee7a-f234-4723-a814-695a0c6a581a","status":"success","components":{"image":{"height":"50","width":"300","url":"http:\/\/r.w.inmobi.com\/FileData\/3941cc82-c052-49f3-98be-a1748c62938e9.jpg"},"beacons":{"numBeacons":"1","beacon1":"http:\/\/adfonic.net\/bc\/04e27180-61ab-4d23-92bd-f56cd78280cb\/fdb5ee7a-f234-4723-a814-695a0c6a581a.gif"}},"format":"banner","destination":{"type":"UNKNOWN","url":"http:\/\/adfonic.net\/ct\/04e27180-61ab-4d23-92bd-f56cd78280cb\/fdb5ee7a-f234-4723-a814-695a0c6a581a"}}
01-19 15:13:32.432 I/ActivityManager(  233): Process com.yahoo.mobile.client.android.yahoo (pid 2613) has died.
01-19 15:13:32.492 I/ActivityManager(  233): Process com.sonyericsson.widget.togglewidgets (pid 12002) has died.
01-19 15:13:32.502 W/kernel  (  130): [263175.571380] select 11985 (n.customization), adj 7, size 3581, to kill
01-19 15:13:32.502 W/kernel  (  130): [263175.571441] select 12002 (t.togglewidgets), adj 8, size 3528, to kill
01-19 15:13:32.502 W/kernel  (  130): [263175.571472] send sigkill to 12002 (t.togglewidgets), adj 8, size 3528
01-19 15:13:32.592 I/ActivityManager(  233): Process com.sonyericsson.widgets (pid 12010) has died.
01-19 15:13:32.602 W/kernel  (  130): [263175.673278] select 11985 (n.customization), adj 7, size 3581, to kill
01-19 15:13:32.602 W/kernel  (  130): [263175.673309] select 12010 (ricsson.widgets), adj 8, size 3513, to kill
01-19 15:13:32.602 W/kernel  (  130): [263175.673309] send sigkill to 12010 (ricsson.widgets), adj 8, size 3513
01-19 15:13:32.692 I/ActivityManager(  233): Process com.android.email (pid 12033) has died.
01-19 15:13:32.702 W/kernel  (  130): [263175.771179] select 11985 (n.customization), adj 7, size 3581, to kill
01-19 15:13:32.702 W/kernel  (  130): [263175.771209] select 12026 (id.logcollector), adj 7, size 5039, to kill
01-19 15:13:32.702 W/kernel  (  130): [263175.771209] select 12033 (m.android.email), adj 7, size 5203, to kill
01-19 15:13:32.702 W/kernel  (  130): [263175.771240] send sigkill to 12033 (m.android.email), adj 7, size 5203
01-19 15:13:32.712 I/ActivityManager(  233): Start proc android.process.media for content provider com.android.providers.downloads/.DownloadProvider: pid=12088 uid=10002 gids={1015, 2001, 3003}
01-19 15:13:32.762 D/Finsky  (12067): [1] SanityChecker.run: # LocalAssets corrected : 0
01-19 15:13:32.762 D/Finsky  (12067): Sanity check took : 630 ms
01-19 15:13:32.832 I/ActivityThread(12088): Pub downloads: com.android.providers.downloads.DownloadProvider
01-19 15:13:32.882 I/ActivityThread(12088): Pub drm: com.android.providers.drm.DrmProvider
01-19 15:13:32.892 I/ActivityThread(12088): Pub media: com.android.providers.media.MediaProvider
01-19 15:13:32.922 V/MediaProvider(12088): Attached volume: internal
01-19 15:13:32.922 V/MediaProvider(12088): /mnt/sdcard volume ID: 1138963242
01-19 15:13:32.982 V/MediaProvider(12088): Attached volume: external
01-19 15:13:33.022 D/Finsky  (12067): [22] DownloadRecords.initializeAndPrune: Pruned 0 old downloads from the cursor.
01-19 15:13:33.212 D/dalvikvm(  233): GC_EXPLICIT freed 279K, 47% free 8845K/16519K, external 9110K/11158K, paused 89ms
01-19 15:13:38.182 D/CustomizationProvider(11985): openFile -- START uri=content://com.sonyericsson.provider.customization/settings/com.sonyericsson.textinput.uxp
01-19 15:13:38.182 I/CustomizationProvider(11985): No configuration file: /system/etc/customization/settings/com/sonyericsson/textinput/uxp/custom_settings.xml
01-19 15:13:38.292 D/CustomizationProvider(11985): openFile -- START uri=content://com.sonyericsson.provider.customization/settings/com.sonyericsson.textinput.uxp
01-19 15:13:38.302 I/CustomizationProvider(11985): No configuration file: /system/etc/customization/settings/com/sonyericsson/textinput/uxp/custom_settings.xml
01-19 15:13:38.762 D/CustomizationProvider(11985): openFile -- START uri=content://com.sonyericsson.provider.customization/settings/com.sonyericsson.textinput.uxp
01-19 15:13:38.762 I/CustomizationProvider(11985): No configuration file: /system/etc/customization/settings/com/sonyericsson/textinput/uxp/custom_settings.xml
01-19 15:13:38.852 D/CustomizationProvider(11985): openFile -- START uri=content://com.sonyericsson.provider.customization/settings/com.sonyericsson.textinput.uxp
01-19 15:13:38.852 I/CustomizationProvider(11985): No configuration file: /system/etc/customization/settings/com/sonyericsson/textinput/uxp/custom_settings.xml
01-19 15:13:39.052 D/CustomizationProvider(11985): openFile -- START uri=content://com.sonyericsson.provider.customization/settings/com.sonyericsson.textinput.uxp
01-19 15:13:39.052 I/CustomizationProvider(11985): No configuration file: /system/etc/customization/settings/com/sonyericsson/textinput/uxp/custom_settings.xml
01-19 15:13:39.232 D/CustomizationProvider(11985): openFile -- START uri=content://com.sonyericsson.provider.customization/settings/com.sonyericsson.textinput.uxp
01-19 15:13:39.232 I/CustomizationProvider(11985): No configuration file: /system/etc/customization/settings/com/sonyericsson/textinput/uxp/custom_settings.xml
01-19 15:13:39.272 I/ActivityManager(  233): Start proc com.android.email for activity com.android.email/.activity.MessageCompose: pid=12096 uid=10001 gids={3003, 1015}
01-19 15:13:39.342 I/ActivityManager(  233): Displayed com.xtralogic.android.logcollector/.SendLogActivity: +33s302ms (total +70ms)
01-19 15:13:39.352 W/IInputConnectionWrapper( 2388): getTextBeforeCursor on inactive InputConnection
01-19 15:13:39.372 W/IInputConnectionWrapper( 2388): getExtractedText on inactive InputConnection
01-19 15:13:39.392 W/IInputConnectionWrapper( 2388): showStatusIcon on inactive InputConnection
01-19 15:13:39.412 D/webviewglue( 2388): nativeDestroy view: 0xaddbf0
01-19 15:13:39.442 D/CustomizationProvider(11985): openFile -- START uri=content://com.sonyericsson.provider.customization/settings/com.sonyericsson.textinput.uxp
01-19 15:13:39.442 I/CustomizationProvider(11985): No configuration file: /system/etc/customization/settings/com/sonyericsson/textinput/uxp/custom_settings.xml
01-19 15:13:39.452 I/ActivityThread(12096): Pub com.android.exchange.provider: com.android.exchange.provider.ExchangeProvider
01-19 15:13:39.452 I/ActivityThread(12096): Pub com.android.email.provider: com.android.email.provider.EmailProvider
01-19 15:13:39.462 I/ActivityThread(12096): Pub com.android.email.attachmentprovider: com.android.email.provider.AttachmentProvider
01-19 15:13:39.642 D/dalvikvm(12096): GC_CONCURRENT freed 146K, 47% free 2946K/5511K, external 3294K/4104K, paused 8ms+4ms
01-19 15:13:39.822 D/dalvikvm(12096): GC_FOR_MALLOC freed 450K, 45% free 3492K/6343K, external 4019K/4104K, paused 16ms
01-19 15:13:39.842 D/EAS SyncManager(12096): !!! EAS SyncManager, onCreate
01-19 15:13:39.842 D/EAS SyncManager(12096): !!! EAS SyncManager, onBind
01-19 15:13:39.852 D/EAS SyncManager(12096): !!! EAS SyncManager, stopping self
01-19 15:13:40.272 W/kernel  (  130): [263183.334716] select 11985 (n.customization), adj 7, size 3587, to kill
01-19 15:13:40.272 W/kernel  (  130): [263183.334777] select 12067 (android.vending), adj 8, size 5486, to kill
01-19 15:13:40.272 W/kernel  (  130): [263183.334838] send sigkill to 12067 (android.vending), adj 8, size 5486
01-19 15:13:40.302 I/ActivityManager(  233): Process com.android.vending (pid 12067) has died.
01-19 15:13:40.402 W/kernel  (  130): [263183.470275] select 11985 (n.customization), adj 7, size 3587, to kill
01-19 15:13:40.402 W/kernel  (  130): [263183.470275] select 12088 (d.process.media), adj 7, size 4424, to kill
01-19 15:13:40.402 W/kernel  (  130): [263183.470306] send sigkill to 12088 (d.process.media), adj 7, size 4424
01-19 15:13:40.432 I/ActivityManager(  233): Process android.process.media (pid 12088) has died.
01-19 15:13:40.492 I/ActivityManager(  233): Process com.sonyericsson.customization (pid 11985) has died.
01-19 15:13:40.492 I/ActivityManager(  233): Low Memory: No more background processes.
01-19 15:13:40.502 W/kernel  (  130): [263183.571105] select 11985 (n.customization), adj 7, size 3587, to kill
01-19 15:13:40.502 W/kernel  (  130): [263183.571136] send sigkill to 11985 (n.customization), adj 7, size 3587
01-19 15:13:40.842 D/Eas Debug(12096): Logging: 
01-19 15:13:40.912 D/dalvikvm(12096): GC_CONCURRENT freed 1500K, 54% free 3508K/7495K, external 4019K/4104K, paused 4ms+3ms
01-19 15:13:41.272 I/ActivityManager(  233): Displayed com.android.email/.activity.MessageCompose: +34s923ms (total +1s899ms)
01-19 15:13:41.282 D/EAS SyncManager(12096): !!! EAS SyncManager, onDestroy
01-19 15:13:46.562 W/SemcMusicPlayer(30673): Running low on memory in MediaPlaybackServiceImpl.
01-19 15:13:46.652 D/dalvikvm(30673): GC_EXPLICIT freed 6K, 61% free 3013K/7687K, external 4053K/5062K, paused 86ms
01-19 15:13:53.792 I/EventLogService(  374): Aggregate from 1326964433726 (log), 1326964433726 (data)
01-19 15:14:08.882 D/skia    ( 2388): purging 66K from font cache [9 entries]
01-19 15:14:08.972 D/dalvikvm( 2388): GC_EXPLICIT freed 966K, 54% free 3983K/8647K, external 7007K/7471K, paused 85ms
01-19 15:14:14.952 D/skia    (  233): purging 205K from font cache [19 entries]
01-19 15:14:15.112 D/dalvikvm(  233): GC_EXPLICIT freed 239K, 47% free 8832K/16519K, external 9110K/11158K, paused 155ms
01-19 15:14:15.392 I/AudioService(  233):  AudioFocus  abandonAudioFocus() from android.media.AudioManager@2b3087e0
01-19 15:14:15.562 D/dalvikvm(  305): GC_CONCURRENT freed 189K, 56% free 3225K/7303K, external 3872K/4147K, paused 2ms+4ms
01-19 15:14:15.932 W/InputManagerService(  233): Window already focused, ignoring focus gain of: com.android.internal.view.IInputMethodClient$Stub$Proxy@2b6f3800
01-19 15:14:27.772 D/dalvikvm(  336): GC_EXPLICIT freed 272K, 57% free 3944K/8967K, external 8808K/10846K, paused 102ms
01-19 15:14:31.695 D/lights  (  233): set_light_buttons: brightness=255
01-19 15:14:31.702 W/KeyCharacterMap(12026): Can't open keycharmap file
01-19 15:14:31.702 W/KeyCharacterMap(12026): Error loading keycharmap file '/system/usr/keychars/pm8058-keypad.kcm.bin'. hw.keyboards.0.devname='pm8058-keypad'
01-19 15:14:31.712 W/KeyCharacterMap(12026): Using default keymap: /system/usr/keychars/qwerty.kcm.bin
01-19 15:14:31.772 I/InputQueue-JNI(12026): Sending finished signal for input channel '2b02df78 com.xtralogic.android.logcollector/com.xtralogic.android.logcollector.SendLogActivity (client)' since it is being unregistered while an input message is still in progress.
01-19 15:14:31.782 I/InputQueue-JNI(12026): Ignoring finish signal on channel that is no longer registered.
01-19 15:14:31.832 I/ActivityManager(  233): Start proc com.sonyericsson.customization for content provider com.sonyericsson.provider.customization/.CustomizationProvider: pid=12114 uid=10063 gids={}
01-19 15:14:31.862 I/ActivityThread(12114): Pub com.sonyericsson.provider.customization: com.sonyericsson.provider.customization.CustomizationProvider
01-19 15:14:31.862 I/ActivityThread(12114): Pub com.sonyericsson.provider.useragent: com.sonyericsson.provider.useragent.UserAgentProvider
01-19 15:14:31.872 D/CustomizationProvider(12114): openFile -- START uri=content://com.sonyericsson.provider.customization/settings/com.sonyericsson.provider.useragent
01-19 15:14:31.872 I/CustomizationProvider(12114): No configuration file: /system/etc/customization/settings/com/sonyericsson/provider/useragent/custom_settings.xml
01-19 15:14:31.882 W/UserAgentProvider(12114): onCreatejava.io.FileNotFoundException
01-19 15:14:31.882 D/CustomizationProvider(12114): openFile -- START uri=content://com.sonyericsson.provider.customization/settings/com.sonyericsson.textinput.uxp
01-19 15:14:31.882 I/CustomizationProvider(12114): No configuration file: /system/etc/customization/settings/com/sonyericsson/textinput/uxp/custom_settings.xml
01-19 15:14:31.972 W/KeyCharacterMap(12096): Can't open keycharmap file
01-19 15:14:31.972 W/KeyCharacterMap(12096): Error loading keycharmap file '/system/usr/keychars/pm8058-keypad.kcm.bin'. hw.keyboards.0.devname='pm8058-keypad'
01-19 15:14:31.972 W/KeyCharacterMap(12096): Using default keymap: /system/usr/keychars/qwerty.kcm.bin
01-19 15:14:32.432 D/dalvikvm(10043): GC_CONCURRENT freed 374K, 56% free 2991K/6727K, external 1685K/2133K, paused 8ms+10ms
01-19 15:14:37.172 D/dalvikvm(12096): GC_CONCURRENT freed 70K, 53% free 3544K/7495K, external 4396K/5490K, paused 3ms+8ms
01-19 15:14:37.612 W/kernel  (  130): [263240.683685] select 9711 (com.whatsapp), adj 8, size 3979, to kill
01-19 15:14:37.612 W/kernel  (  130): [263240.683776] send sigkill to 9711 (com.whatsapp), adj 8, size 3979
01-19 15:14:37.612 I/ActivityManager(  233): Process com.whatsapp (pid 9711) has died.
01-19 15:14:37.612 W/ActivityManager(  233): Scheduling restart of crashed service com.whatsapp/.messaging.MessageService in 5000ms
01-19 15:14:42.622 I/ActivityManager(  233): Start proc com.whatsapp for service com.whatsapp/.messaging.MessageService: pid=12122 uid=10126 gids={1015, 3003}
01-19 15:14:43.172 I/dalvikvm(12122): Could not find method android.media.MediaMetadataRetriever.captureFrame, referenced from method com.whatsapp.x6.a
01-19 15:14:43.172 W/dalvikvm(12122): VFY: unable to resolve virtual method 453: Landroid/media/MediaMetadataRetriever;.captureFrame ()Landroid/graphics/Bitmap;
01-19 15:14:43.172 D/dalvikvm(12122): VFY: replacing opcode 0x6e at 0x012f
01-19 15:14:43.172 D/dalvikvm(12122): VFY: dead code 0x0132-0138 in Lcom/whatsapp/x6;.a (Landroid/app/Activity;Lcom/whatsapp/rn;Ljava/lang/String;Ljava/io/File;BLjava/lang/String;)Z
01-19 15:14:43.742 W/kernel  (  130): [263246.818084] select 12026 (id.logcollector), adj 7, size 5109, to kill
01-19 15:14:43.742 W/kernel  (  130): [263246.818115] send sigkill to 12026 (id.logcollector), adj 7, size 5109
01-19 15:14:43.742 I/ActivityManager(  233): Process com.xtralogic.android.logcollector (pid 12026) has died.
01-19 15:14:43.752 D/dalvikvm(12122): GC_CONCURRENT freed 776K, 48% free 3581K/6791K, external 1685K/2133K, paused 3ms+6ms
01-19 15:14:43.842 I/ActivityManager(  233): Process com.sonyericsson.customization (pid 12114) has died.
01-19 15:14:43.842 I/ActivityManager(  233): Low Memory: No more background processes.
01-19 15:14:43.852 W/kernel  (  130): [263246.922485] select 12114 (n.customization), adj 7, size 3894, to kill
01-19 15:14:43.852 W/kernel  (  130): [263246.922485] send sigkill to 12114 (n.customization), adj 7, size 3894
01-19 15:14:58.652 D/skia    (  305): purging 119K from font cache [13 entries]
01-19 15:14:58.692 D/dalvikvm(  305): GC_EXPLICIT freed 20K, 56% free 3218K/7303K, external 3297K/4118K, paused 39ms
01-19 15:15:06.752 D/dalvikvm(24581): GC_EXPLICIT freed 2K, 51% free 2838K/5767K, external 1685K/2133K, paused 77ms
01-19 15:15:07.522 W/InputManagerService(  233): Starting input on non-focused client com.android.internal.view.IInputMethodClient$Stub$Proxy@2b5e2a28 (uid=10001 pid=12096)
01-19 15:15:07.532 W/IInputConnectionWrapper(12096): showStatusIcon on inactive InputConnection
01-19 15:15:07.582 I/ActivityManager(  233): Start proc com.sonyericsson.customization for content provider com.sonyericsson.provider.customization/.CustomizationProvider: pid=12136 uid=10063 gids={}
01-19 15:15:08.052 I/ActivityThread(12136): Pub com.sonyericsson.provider.customization: com.sonyericsson.provider.customization.CustomizationProvider
01-19 15:15:08.072 I/ActivityThread(12136): Pub com.sonyericsson.provider.useragent: com.sonyericsson.provider.useragent.UserAgentProvider
01-19 15:15:08.092 D/CustomizationProvider(12136): openFile -- START uri=content://com.sonyericsson.provider.customization/settings/com.sonyericsson.provider.useragent
01-19 15:15:08.092 I/CustomizationProvider(12136): No configuration file: /system/etc/customization/settings/com/sonyericsson/provider/useragent/custom_settings.xml
01-19 15:15:08.092 W/UserAgentProvider(12136): onCreatejava.io.FileNotFoundException
01-19 15:15:08.102 D/CustomizationProvider(12136): openFile -- START uri=content://com.sonyericsson.provider.customization/settings/com.sonyericsson.textinput.uxp
01-19 15:15:08.102 I/CustomizationProvider(12136): No configuration file: /system/etc/customization/settings/com/sonyericsson/textinput/uxp/custom_settings.xml
01-19 15:15:08.112 D/dalvikvm(  121): GC_EXPLICIT freed 11K, 49% free 2762K/5379K, external 1685K/2133K, paused 543ms
01-19 15:15:08.142 D/dalvikvm(  121): GC_EXPLICIT freed <1K, 49% free 2762K/5379K, external 1685K/2133K, paused 24ms
01-19 15:15:08.172 D/dalvikvm(  121): GC_EXPLICIT freed <1K, 49% free 2762K/5379K, external 1685K/2133K, paused 28ms
01-19 15:15:08.232 D/webviewglue(12096): nativeDestroy view: 0x383260
01-19 15:15:08.382 D/dalvikvm( 1093): GC_CONCURRENT freed 1253K, 54% free 3412K/7367K, external 4245K/5302K, paused 2ms+4ms
01-19 15:15:14.892 W/SemcMusicPlayer(30673): Running low on memory in MediaPlaybackServiceImpl.
01-19 15:15:14.982 D/dalvikvm(30673): GC_EXPLICIT freed <1K, 61% free 3013K/7687K, external 4053K/5062K, paused 85ms
01-19 15:15:15.554 I/ActivityManager(  233): Starting: Intent { act=android.intent.action.MAIN cat=[android.intent.category.LAUNCHER] flg=0x10200000 cmp=com.xtralogic.android.logcollector/.SendLogActivity bnds=[125,115][238,273] } from pid 11968
01-19 15:15:15.652 I/ActivityManager(  233): Start proc com.xtralogic.android.logcollector for activity com.xtralogic.android.logcollector/.SendLogActivity: pid=12146 uid=10173 gids={1007, 1015}
01-19 15:15:15.882 W/kernel  (  130): [263278.947540] select 12096 (m.android.email), adj 7, size 10519, to kill
01-19 15:15:15.882 W/kernel  (  130): [263278.947540] send sigkill to 12096 (m.android.email), adj 7, size 10519
01-19 15:15:15.922 I/ActivityManager(  233): Displayed com.xtralogic.android.logcollector/.SendLogActivity: +272ms
01-19 15:15:15.932 I/ActivityManager(  233): Process com.android.email (pid 12096) has died.
01-19 15:15:21.562 D/lights  (  233): set_light_buttons: brightness=0
01-19 15:15:24.992 D/dalvikvm( 2388): GC_EXPLICIT freed 779K, 62% free 3292K/8647K, external 4958K/6192K, paused 96ms
01-19 15:15:35.062 D/dalvikvm(  233): GC_EXPLICIT freed 435K, 47% free 8861K/16519K, external 7501K/9367K, paused 100ms
01-19 15:15:44.992 D/dalvikvm(  336): GC_EXPLICIT freed 2K, 57% free 3944K/8967K, external 8808K/10846K, paused 51ms
01-19 15:15:54.992 D/dalvikvm(  544): GC_EXPLICIT freed 419K, 51% free 3640K/7367K, external 1685K/2133K, paused 51ms
01-19 15:16:06.272 D/skia    ( 1093): purging 136K from font cache [9 entries]
01-19 15:16:06.352 D/dalvikvm( 1093): GC_EXPLICIT freed 116K, 56% free 3296K/7367K, external 2773K/3463K, paused 83ms
01-19 15:16:08.642 D/dalvikvm(12146): GC_CONCURRENT freed 87K, 48% free 2848K/5379K, external 2477K/3094K, paused 8ms+12ms
