Log Collector version: 1.1.0
Device model: MT15i
Firmware version: 2.3.4
Kernel version: 2.6.32.9-perf
SEMCUser@SEMCHost )
#1 PREEMPT Mon Sep 19 08:03:47 2011
Build number: 4.0.2.A.0.42

--------- beginning of /dev/log/system
01-19 15:11:25.272 W/InputManagerService(  233): Window already focused, ignoring focus gain of: com.android.internal.view.IInputMethodClient$Stub$Proxy@2b1fe480
01-19 15:11:27.492 I/ActivityManager(  233): Starting: Intent { act=android.intent.action.MAIN cat=[android.intent.category.HOME] flg=0x10200000 cmp=com.sonyericsson.home/.HomeActivity } from pid 233
01-19 15:11:33.222 I/ActivityManager(  233): Starting: Intent { act=android.intent.action.MAIN cat=[android.intent.category.LAUNCHER] flg=0x10200000 cmp=e2o.mobile/.Home bnds=[238,589][351,747] } from pid 11697
01-19 15:11:33.272 I/ActivityManager(  233): Start proc e2o.mobile for activity e2o.mobile/.Home: pid=11800 uid=10025 gids={1006, 3003, 1015}
01-19 15:11:33.942 I/ActivityManager(  233): Process com.sonyericsson.gallery (pid 11769) has died.
01-19 15:11:33.992 I/WindowManager(  233): WINDOW DIED Window{2b029900 org.jtb.alogcat/org.jtb.alogcat.LogActivity paused=false}
01-19 15:11:34.012 I/ActivityManager(  233): Process org.jtb.alogcat (pid 11786) has died.
01-19 15:11:34.022 W/WindowManager(  233): Failed looking up window
01-19 15:11:34.022 W/WindowManager(  233): java.lang.IllegalArgumentException: Requested window android.os.BinderProxy@2b519208 does not exist
01-19 15:11:34.022 W/WindowManager(  233): at com.android.server.WindowManagerService.windowForClientLocked(WindowManagerService.java:8361)
01-19 15:11:34.022 W/WindowManager(  233): at com.android.server.WindowManagerService.windowForClientLocked(WindowManagerService.java:8352)
01-19 15:11:34.022 W/WindowManager(  233): at com.android.server.WindowManagerService$WindowState$DeathRecipient.binderDied(WindowManagerService.java:7210)
01-19 15:11:34.022 W/WindowManager(  233): at android.os.BinderProxy.sendDeathNotice(Binder.java:389)
01-19 15:11:34.022 W/WindowManager(  233): at dalvik.system.NativeStart.run(Native Method)
01-19 15:11:34.022 I/WindowManager(  233): WIN DEATH: null
01-19 15:11:36.692 I/ActivityManager(  233): Process com.sonyericsson.customization (pid 11683) has died.
01-19 15:11:36.692 I/ActivityManager(  233): Low Memory: No more background processes.
01-19 15:11:38.652 I/ActivityManager(  233): Start proc com.sonyericsson.customization for content provider com.sonyericsson.provider.customization/.CustomizationProvider: pid=11820 uid=10063 gids={}
01-19 15:11:38.812 I/ActivityManager(  233): Process com.sonyericsson.customization (pid 11820) has died.
01-19 15:11:38.812 I/ActivityManager(  233): Low Memory: No more background processes.
01-19 15:11:45.962 I/ActivityManager(  233): Start proc com.sonyericsson.customization for content provider com.sonyericsson.provider.customization/.CustomizationProvider: pid=11827 uid=10063 gids={}
01-19 15:11:46.352 I/ActivityManager(  233): Process com.sonyericsson.customization (pid 11827) has died.
01-19 15:11:46.352 I/ActivityManager(  233): Low Memory: No more background processes.
01-19 15:12:07.452 I/ActivityManager(  233): Start proc com.sonyericsson.customization for content provider com.sonyericsson.provider.customization/.CustomizationProvider: pid=11836 uid=10063 gids={}
01-19 15:12:07.922 I/ActivityManager(  233): Process com.sonyericsson.customization (pid 11836) has died.
01-19 15:12:07.922 I/ActivityManager(  233): Low Memory: No more background processes.
01-19 15:12:11.162 I/ActivityManager(  233): Process com.sonyericsson.home (pid 11697) has died.
01-19 15:12:11.162 I/ActivityManager(  233): Low Memory: No more background processes.
01-19 15:12:11.162 I/WindowManager(  233): WIN DEATH: Window{2b319cc0 com.sonyericsson.home/com.sonyericsson.home.HomeActivity paused=false}
01-19 15:12:20.072 W/InputManagerService(  233): Window already focused, ignoring focus gain of: com.android.internal.view.IInputMethodClient$Stub$Proxy@2b4af068
01-19 15:12:21.322 I/ActivityManager(  233): Start proc android.process.media for content provider com.android.providers.media/.MediaProvider: pid=11845 uid=10002 gids={1015, 2001, 3003}
01-19 15:12:21.942 I/ActivityManager(  233): Starting: Intent { act=android.media.action.IMAGE_CAPTURE cmp=android/com.android.internal.app.ResolverActivity (has extras) } from pid 11800
01-19 15:12:27.782 I/ActivityManager(  233): Starting: Intent { act=android.media.action.IMAGE_CAPTURE flg=0x3800000 cmp=com.sonyericsson.android.camera/.CameraActivityForCaptureOnly (has extras) } from pid 233
01-19 15:12:27.862 I/ActivityManager(  233): Start proc com.sonyericsson.android.camera for activity com.sonyericsson.android.camera/.CameraActivityForCaptureOnly: pid=11853 uid=10082 gids={1006, 1015}
01-19 15:12:27.982 I/WindowManager(  233): Setting rotation to 1, animFlags=1
01-19 15:12:28.002 I/ActivityManager(  233): Config changed: { scale=1.0 imsi=404/13 loc=en_US touch=3 keys=1/1/2 nav=1/1 orien=2 layout=34 uiMode=17 theme=ComponentInfo{com.sonyericsson.defaultruntimethemes/com.sonyericsson.defaultruntimethemes.BlackThemeService} seq=891}
01-19 15:12:28.252 I/ActivityManager(  233): Start proc com.sonyericsson.customization for content provider com.sonyericsson.provider.customization/.CustomizationProvider: pid=11860 uid=10063 gids={}
01-19 15:12:28.262 I/ActivityManager(  233): Process android.process.media (pid 11845) has died.
01-19 15:12:28.562 I/ActivityManager(  233): Start proc com.sonyericsson.conversations for content provider com.sonyericsson.conversations/.provider.ConversationsSettingsProvider: pid=11867 uid=10038 gids={3003, 1015}
01-19 15:12:28.872 I/ActivityManager(  233): Process e2o.mobile (pid 11800) has died.
01-19 15:12:28.872 I/ActivityManager(  233): Low Memory: No more background processes.
01-19 15:12:28.872 I/WindowManager(  233): WIN DEATH: Window{2b469360 e2o.mobile/e2o.mobile.Home paused=false}
--------- beginning of /dev/log/main
01-19 15:12:29.232 I/StagefrightPlayer(17252): setDataSource('/system/media/audio/ui/camera_click.ogg')
01-19 15:12:29.232 D/DrmManager(Native)(  122): DrmManager::openDecryptSession: no capable plug-in found
01-19 15:12:29.232 D/IDrmManagerService(Native)(  122): NULL decryptHandle is returned
01-19 15:12:29.232 D/IDrmManagerService(Native)(17252): no decryptHandle is generated in service side
01-19 15:12:29.252 I/StagefrightPlayer(17252): setDataSource('/system/media/audio/ui/VideoRecord.ogg')
01-19 15:12:29.252 D/DrmManager(Native)(  122): DrmManager::openDecryptSession: no capable plug-in found
01-19 15:12:29.252 D/IDrmManagerService(Native)(  122): NULL decryptHandle is returned
01-19 15:12:29.252 D/IDrmManagerService(Native)(17252): no decryptHandle is generated in service side
01-19 15:12:29.462 W/AudioService(  233): stream was not muted by this client
01-19 15:12:29.462 E/AudioService(  233): Could not get client death handler for stream: 5
01-19 15:12:29.462 W/AudioService(  233): stream was not muted by this client
01-19 15:12:29.462 E/AudioService(  233): Could not get client death handler for stream: 5
01-19 15:12:29.574 I/ActivityManager(  233): Displayed com.sonyericsson.android.camera/.CameraActivityForCaptureOnly: +1s729ms
01-19 15:12:29.652 W/InputManagerService(  233): Got RemoteException sending setActive(false) notification to pid 11800 uid 10025
01-19 15:12:29.662 D/kernel  (  130): [263112.734252] binder: 1093:1093 transaction failed 29189, size 88-0
01-19 15:12:29.682 D/CustomizationProvider(11860): openFile -- START uri=content://com.sonyericsson.provider.customization/settings/com.sonyericsson.textinput.uxp
01-19 15:12:29.682 I/CustomizationProvider(11860): No configuration file: /system/etc/customization/settings/com/sonyericsson/textinput/uxp/custom_settings.xml
01-19 15:12:29.692 D/kernel  (  130): [263112.768676] mdp4_overlay_pipe_alloc: pipe=80742808 ndx=5
01-19 15:12:29.692 D/kernel  (  130): [263112.768676] mpd4_overlay_req2pipe: zorder=0 pipe_num=2
01-19 15:12:29.722 D/kernel  (  130): [263112.789794] mdp4_dtv_on: <ID=0 1280x720 (110,40,220), (5,5,20) 74MHz>
01-19 15:12:29.722 D/kernel  (  130): [263112.789855] mdp4_overlay_pipe_alloc: pipe=80742964 ndx=6
01-19 15:12:29.722 D/kernel  (  130): [263112.789855] mpd4_overlay_req2pipe: zorder=0 pipe_num=3
01-19 15:12:29.722 D/kernel  (  130): [263112.799133] msm_enqueue: queue control new max is 1
01-19 15:12:29.722 I/caladbolg(17252): 1635671306 cald_capctrl.c                    (6128) 11880 P [CAP] 1635671306 + Cald_CapCtrl_FSM_Func_StartPreview
01-19 15:12:29.732 I/caladbolg(17252): 1635672771 cald_hal_qct.c                    (2983) 11880 P [HAL] 1635672740 + Cald_Hal_Qct_If_StartPreview
01-19 15:12:29.742 W/kernel  (  130): [263112.813140] msm_pp_release: pp not in progress for 0
01-19 15:12:29.774 I/caladbolg(17252): 1635715129 cald_hal_qct.c                    (3042) 11880 P [HAL] 1635715099 - Cald_Hal_Qct_If_StartPreview (0)
01-19 15:12:29.774 I/caladbolg(17252): 1635715221 cald_hal_qct.c                    (6612) 11880 P [HAL] 1635715221 + Cald_Hal_Qct_If_CreateImageConvert
01-19 15:12:29.774 I/caladbolg(17252): 1635716136 cald_hal_qct.c                    (6890) 11880 P [HAL] 1635716136 - Cald_Hal_Qct_If_CreateImageConvert (0)
01-19 15:12:29.774 I/caladbolg(17252): 1635716228 cald_capctrl.c                    (6358) 11880 P [CAP] 1635716228 - Cald_CapCtrl_FSM_Func_StartPreview
01-19 15:12:29.792 I/StagefrightPlayer(17252): setDataSource('/system/media/audio/camera/sound1/shutter.m4a')
01-19 15:12:29.792 D/DrmManager(Native)(  122): DrmManager::openDecryptSession: no capable plug-in found
01-19 15:12:29.792 D/IDrmManagerService(Native)(  122): NULL decryptHandle is returned
01-19 15:12:29.792 D/IDrmManagerService(Native)(17252): no decryptHandle is generated in service side
01-19 15:12:29.812 I/caladbolg(17252): 1635755748 cald_capctrl.c                    (6755) 11880 P [CAP] 1635755748 + Cald_CapCtrl_FSM_Func_StartFaceDetection
01-19 15:12:29.812 I/caladbolg(17252): 1635761272 cald_capctrl.c                    (6770) 11880 P [CAP] 1635761241 - Cald_CapCtrl_FSM_Func_StartFaceDetection
01-19 15:12:29.812 I/caladbolg(17252): 1635761424 cald_capctrl.c                    (8235) 11880 P [CAP] 1635761424 + Cald_CapCtrl_FSM_Func_Face_StartDone
01-19 15:12:29.812 I/caladbolg(17252): 1635761485 cald_capctrl.c                    (8246) 11880 P [CAP] 1635761455 - Cald_CapCtrl_FSM_Func_Face_StartDone
01-19 15:12:29.842 I/caladbolg(17252): 1635786662 cald_camctrl.c                    (4562) 11878 P [SVR] 1635786662 + Cald_CamCtrl_ICamera_StartAutoLock
01-19 15:12:29.842 I/caladbolg(17252): 1635786784 cald_camctrl.c                    (4570) 11878 P [SVR] 1635786784 - Cald_CamCtrl_ICamera_StartAutoLock (0)
01-19 15:12:30.102 I/caladbolg(17252): 1636047496 cald_camctrl.c                    (9383) 11880 P [SVR] 1636047465 + Cald_CamCtrl_FSM_Func_StartAutoLock
01-19 15:12:30.102 I/caladbolg(17252): 1636047618 cald_camctrl.c                    (9421) 11880 P [SVR] 1636047588 - Cald_CamCtrl_FSM_Func_StartAutoLock (0)
01-19 15:12:30.102 I/caladbolg(17252): 1636047649 cald_camctrl.c                   (14164) 11880 P [SVR] 1636047649 + Cald_CamCtrl_FSM_Func_FrameDoneVF
01-19 15:12:30.102 I/caladbolg(17252): 1636047710 cald_camctrl.c                   (14174) 11880 P [SVR] 1636047710 - Cald_CamCtrl_FSM_Func_FrameDoneVF
01-19 15:12:30.782 I/caladbolg(17252): 1636723338 cald_camctrl.c                    (4092) 11886 P [SVR] 1636723277 + Cald_CamCtrl_ICBIqCtrl_AutoLockDone
01-19 15:12:30.782 I/caladbolg(17252): 1636723735 cald_camctrl.c                   (14519) 11886 P [SVR] 1636723704 + Cald_CamCtrl_FSM_Func_AutoLockDone
01-19 15:12:30.782 I/caladbolg(17252): 1636724010 cald_camctrl.c                   (14535) 11886 P [SVR] 1636723979 - Cald_CamCtrl_FSM_Func_AutoLockDone
01-19 15:12:30.782 I/caladbolg(17252): 1636724193 cald_camctrl.c                    (4107) 11886 P [SVR] 1636724193 - Cald_CamCtrl_ICBIqCtrl_AutoLockDone (0)
01-19 15:12:30.802 I/StagefrightPlayer(17252): setDataSource('/system/media/audio/camera/common/af_success.m4a')
01-19 15:12:30.802 D/DrmManager(Native)(  122): DrmManager::openDecryptSession: no capable plug-in found
01-19 15:12:30.802 D/IDrmManagerService(Native)(  122): NULL decryptHandle is returned
01-19 15:12:30.812 D/IDrmManagerService(Native)(17252): no decryptHandle is generated in service side
01-19 15:12:30.822 E/AudioPolicyManagerBase(17252): unknown stream type
01-19 15:12:30.822 E/AudioPolicyManagerBase(17252): unknown stream type
01-19 15:12:30.832 I/AudioHardwareMSM7X30(17252): Routing audio to Speakerphone
01-19 15:12:30.832 I/AudioHardwareMSM7X30(17252): Change routing audio to speaker for xLOUD
01-19 15:12:30.872 D/AudioHardwareMSM7X30(17252): value of device and enable is 32 1
01-19 15:12:30.882 D/kernel  (  130): [263113.953613] [msm7x30.c:msm_device_put] device xloud_speaker_mono_rx set 1
01-19 15:12:30.882 D/kernel  (  130): [263113.953674] [msm7x30.c:msm_device_put] device freq =48000
01-19 15:12:30.892 D/kernel  (  130): [263113.963806] [adsp.c:msm_adsp_get] module AFETASK has been registered
01-19 15:12:30.892 D/kernel  (  130): [263113.963867] [adsp.c:msm_adsp_enable] enable 'AFETASK'state[0] id[17227119]
01-19 15:12:30.892 D/kernel  (  130): [263113.969085] [adsp.c:adsp_rtos_mtoa_cb] rpc event=0, proc_id=2, module=17227119, image=0
01-19 15:12:30.892 D/kernel  (  130): [263113.969146] [adsp.c:adsp_rtos_mtoa_cb] module AFETASK: READY
01-19 15:12:30.922 I/caladbolg(17252): 1636864452 cald_camctrl.c                    (4526) 11878 P [SVR] 1636864452 + Cald_CamCtrl_ICamera_TakeSnapshot
01-19 15:12:30.922 I/caladbolg(17252): 1636864574 cald_camctrl.c                    (8980) 11878 P [SVR] 1636864574 + Cald_CamCtrl_FSM_Func_TakeSnapshot
01-19 15:12:30.922 I/caladbolg(17252): 1636866740 cald_camctrl.c                    (9110) 11878 P [SVR] 1636866710 - Cald_CamCtrl_FSM_Func_TakeSnapshot (0)
01-19 15:12:30.922 I/caladbolg(17252): 1636866832 cald_camctrl.c                    (4536) 11878 P [SVR] 1636866832 - Cald_CamCtrl_ICamera_TakeSnapshot (0)
01-19 15:12:30.932 I/caladbolg(17252): 1636876842 cald_camctrl.c                    (4115) 11886 P [SVR] 1636876842 + Cald_CamCtrl_ICBIqCtrl_PrepareSnapshotDone
01-19 15:12:30.932 I/caladbolg(17252): 1636877025 cald_camctrl.c                    (4129) 11886 P [SVR] 1636876994 - Cald_CamCtrl_ICBIqCtrl_PrepareSnapshotDone (0)
01-19 15:12:30.932 I/caladbolg(17252): 1636880290 cald_capctrl.c                    (6468) 11880 P [CAP] 1636880260 + Cald_CapCtrl_FSM_Func_StartSnapshot
01-19 15:12:30.932 I/caladbolg(17252): 1636880382 cald_hal_qct.c                    (3054) 11880 P [HAL] 1636880351 + Cald_Hal_Qct_If_StopPreview
01-19 15:12:30.932 I/caladbolg(17252): 1636881725 cald_hal_qct.c                    (3087) 11880 P [HAL] 1636881694 - Cald_Hal_Qct_If_StopPreview (0)
01-19 15:12:30.932 I/caladbolg(17252): 1636881816 cald_hal_qct.c                    (7007) 11880 P [HAL] 1636881786 + Cald_Hal_Qct_If_DeleteImageConvert
01-19 15:12:30.942 I/caladbolg(17252): 1636882732 cald_hal_qct.c                    (7036) 11880 P [HAL] 1636882732 - Cald_Hal_Qct_If_DeleteImageConvert (0)
01-19 15:12:30.942 I/caladbolg(17252): 1636883556 cald_capctrl.c                    (6711) 11880 P [CAP] 1636883525 - Cald_CapCtrl_FSM_Func_StartSnapshot
01-19 15:12:30.952 E/AudioPolicyManagerBase(17252): unknown stream type
01-19 15:12:30.952 E/AudioPolicyManagerBase(17252): unknown stream type
01-19 15:12:30.952 E/AudioPolicyManagerBase(17252): unknown stream type
01-19 15:12:30.952 E/AudioPolicyManagerBase(17252): unknown stream type
01-19 15:12:30.962 D/kernel  (  130): [263114.031005] msm_snddev_poweramp_on: power on amplifier
01-19 15:12:30.962 D/kernel  (  130): [263114.031097] [adsp.c:msm_adsp_get] module AUDPPTASK has been registered
01-19 15:12:30.962 D/kernel  (  130): [263114.031127] [adsp.c:msm_adsp_enable] enable 'AUDPPTASK'state[0] id[17227122]
01-19 15:12:30.962 D/kernel  (  130): [263114.032012] [adsp.c:adsp_rtos_mtoa_cb] rpc event=0, proc_id=2, module=17227122, image=0
01-19 15:12:30.962 D/kernel  (  130): [263114.032043] [adsp.c:adsp_rtos_mtoa_cb] module AUDPPTASK: READY
01-19 15:12:30.962 D/kernel  (  130): [263114.035308] [audpp.c:audpp_dsp_event] ENABLE
01-19 15:12:30.962 I/caladbolg(17252): 1636904491 cald_hal_qct.c                    (3100) 11880 P [HAL] 1636904491 + Cald_Hal_Qct_If_StartSnapshot
01-19 15:12:30.992 D/dalvikvm(11853): GC_EXPLICIT freed 773K, 48% free 3562K/6727K, external 4407K/5340K, paused 69ms
01-19 15:12:31.262 I/caladbolg(17252): 1637208324 cald_hal_qct.c                    (3170) 11880 P [HAL] 1637208293 - Cald_Hal_Qct_If_StartSnapshot (0)
01-19 15:12:31.262 I/caladbolg(17252): 1637208507 cald_capctrl.c                    (7261) 11880 P [CAP] 1637208507 + Cald_CapCtrl_FSM_Func_Hal_SnapshotImageDone
01-19 15:12:31.262 I/caladbolg(17252): 1637208568 cald_capctrl.c                    (7364) 11880 P [CAP] 1637208568 - Cald_CapCtrl_FSM_Func_Hal_SnapshotImageDone
01-19 15:12:31.262 I/caladbolg(17252): 1637208659 cald_capctrl.c                    (7036) 11880 P [CAP] 1637208659 + Cald_CapCtrl_FSM_Func_Hal_Shutter
01-19 15:12:31.262 I/caladbolg(17252): 1637208690 cald_camctrl.c                    (3940) 11880 P [SVR] 1637208690 + Cald_CamCtrl_ICBCapCtrl_CamShutter
01-19 15:12:31.262 I/caladbolg(17252): 1637208751 cald_camctrl.c                   (14363) 11880 P [SVR] 1637208751 + Cald_CamCtrl_FSM_Func_CamShutter
01-19 15:12:31.262 I/caladbolg(17252): 1637208842 cald_camctrl.c                   (14379) 11880 P [SVR] 1637208812 - Cald_CamCtrl_FSM_Func_CamShutter (0)
01-19 15:12:31.262 I/caladbolg(17252): 1637208873 cald_camctrl.c                    (3954) 11880 P [SVR] 1637208873 - Cald_CamCtrl_ICBCapCtrl_CamShutter (0)
01-19 15:12:31.262 I/caladbolg(17252): 1637208934 cald_capctrl.c                    (7046) 11880 P [CAP] 1637208934 - Cald_CapCtrl_FSM_Func_Hal_Shutter
01-19 15:12:31.262 I/caladbolg(17252): 1637208995 cald_capctrl.c                    (7261) 11880 P [CAP] 1637208995 + Cald_CapCtrl_FSM_Func_Hal_SnapshotImageDone
01-19 15:12:31.262 I/caladbolg(17252): 1637209056 cald_capctrl.c                    (7364) 11880 P [CAP] 1637209056 - Cald_CapCtrl_FSM_Func_Hal_SnapshotImageDone
01-19 15:12:31.272 E/AudioPolicyManagerBase(17252): unknown stream type
01-19 15:12:31.272 E/AudioPolicyManagerBase(17252): unknown stream type
01-19 15:12:31.272 I/AudioHardwareMSM7X30(17252): Routing audio to Speakerphone
01-19 15:12:31.272 I/AudioHardwareMSM7X30(17252): Change routing audio to speaker for xLOUD
01-19 15:12:31.492 E/AudioPolicyManagerBase(17252): unknown stream type
01-19 15:12:31.492 E/AudioPolicyManagerBase(17252): unknown stream type
01-19 15:12:31.492 E/AudioPolicyManagerBase(17252): unknown stream type
01-19 15:12:31.492 E/AudioPolicyManagerBase(17252): unknown stream type
01-19 15:12:31.782 D/dalvikvm(  233): GC_EXPLICIT freed 331K, 47% free 8897K/16519K, external 11174K/13222K, paused 130ms
01-19 15:12:31.862 I/caladbolg(17252): 1637803874 cald_capctrl.c                    (7811) 11880 P [CAP] 1637803844 + Cald_CapCtrl_FSM_Func_ImageStab_AllProcDone
01-19 15:12:31.862 I/caladbolg(17252): 1637806316 cald_hal_qct.c                    (4852) 11880 P [HAL] 1637806316 + Cald_Hal_Qct_If_StartResize
01-19 15:12:31.862 I/caladbolg(17252): 1637806529 cald_hal_qct.c                    (4899) 11880 P [HAL] 1637806529 - Cald_Hal_Qct_If_StartResize (0)
01-19 15:12:31.862 I/caladbolg(17252): 1637806590 cald_capctrl.c                    (7925) 11880 P [CAP] 1637806590 - Cald_CapCtrl_FSM_Func_ImageStab_AllProcDone
01-19 15:12:31.922 I/caladbolg(17252): 1637867595 cald_capctrl.c                    (7522) 11880 P [CAP] 1637867564 + Cald_CapCtrl_FSM_Func_Hal_ResizeDone
01-19 15:12:31.922 I/caladbolg(17252): 1637867686 cald_hal_qct.c                    (4915) 11880 P [HAL] 1637867656 + Cald_Hal_Qct_If_StopResize
01-19 15:12:31.922 I/caladbolg(17252): 1637868358 cald_hal_qct.c                    (4945) 11880 P [HAL] 1637868358 - Cald_Hal_Qct_If_StopResize (0)
01-19 15:12:31.922 I/caladbolg(17252): 1637868449 cald_camctrl.c                    (3987) 11880 P [SVR] 1637868449 + Cald_CamCtrl_ICBCapCtrl_ThumbnailDone
01-19 15:12:31.922 I/caladbolg(17252): 1637868510 cald_camctrl.c                   (14400) 11880 P [SVR] 1637868510 + Cald_CamCtrl_FSM_Func_ThumbnailDone
01-19 15:12:31.922 I/caladbolg(17252): 1637868571 cald_camctrl.c                   (14425) 11880 P [SVR] 1637868571 - Cald_CamCtrl_FSM_Func_ThumbnailDone (0)
01-19 15:12:31.922 I/caladbolg(17252): 1637868632 cald_camctrl.c                    (4002) 11880 P [SVR] 1637868632 - Cald_CamCtrl_ICBCapCtrl_ThumbnailDone (0)
01-19 15:12:31.922 I/caladbolg(17252): 1637868663 cald_hal_qct.c                    (4852) 11880 P [HAL] 1637868663 + Cald_Hal_Qct_If_StartResize
01-19 15:12:31.922 I/caladbolg(17252): 1637868816 cald_hal_qct.c                    (4899) 11880 P [HAL] 1637868816 - Cald_Hal_Qct_If_StartResize (0)
01-19 15:12:31.922 I/caladbolg(17252): 1637868877 cald_capctrl.c                    (7618) 11880 P [CAP] 1637868877 - Cald_CapCtrl_FSM_Func_Hal_ResizeDone
01-19 15:12:31.972 I/caladbolg(17252): 1637914104 cald_capctrl.c                    (7522) 11880 P [CAP] 1637914073 + Cald_CapCtrl_FSM_Func_Hal_ResizeDone
01-19 15:12:31.972 I/caladbolg(17252): 1637914226 cald_hal_qct.c                    (4915) 11880 P [HAL] 1637914226 + Cald_Hal_Qct_If_StopResize
01-19 15:12:31.972 I/caladbolg(17252): 1637915080 cald_hal_qct.c                    (4945) 11880 P [HAL] 1637915080 - Cald_Hal_Qct_If_StopResize (0)
01-19 15:12:31.972 I/caladbolg(17252): 1637917308 cald_hal_qct.c                    (4740) 11880 P [HAL] 1637917308 + Cald_Hal_Qct_If_StartYuvToJpeg
01-19 15:12:31.982 I/caladbolg(17252): 1637923045 cald_hal_qct.c                    (4791) 11880 P [HAL] 1637923045 - Cald_Hal_Qct_If_StartYuvToJpeg (0)
01-19 15:12:31.982 I/caladbolg(17252): 1637923198 cald_capctrl.c                    (7618) 11880 P [CAP] 1637923198 - Cald_CapCtrl_FSM_Func_Hal_ResizeDone
01-19 15:12:32.022 I/caladbolg(17252): 1637970744 cald_capctrl.c                    (7638) 11880 P [CAP] 1637970714 + Cald_CapCtrl_FSM_Func_Hal_EncodeDone
01-19 15:12:32.032 E/kernel  (  130): [263115.108337] VFS: Close: file count is 0
01-19 15:12:32.032 E/kernel  (  130): [263115.108398] VFS: Close: file count is 0
01-19 15:12:32.032 I/caladbolg(17252): 1637973766 cald_camctrl.c                    (4013) 11880 P [SVR] 1637973766 + Cald_CamCtrl_ICBCapCtrl_SnapshotDone
01-19 15:12:32.032 I/caladbolg(17252): 1637973918 cald_camctrl.c                   (14438) 11880 P [SVR] 1637973918 + Cald_CamCtrl_FSM_Func_SnapshotDone
01-19 15:12:32.032 I/caladbolg(17252): 1637974040 cald_camctrl.c                   (14483) 11880 P [SVR] 1637974040 - Cald_CamCtrl_FSM_Func_SnapshotDone (0)
01-19 15:12:32.032 I/caladbolg(17252): 1637974132 cald_camctrl.c                    (4029) 11880 P [SVR] 1637974101 - Cald_CamCtrl_ICBCapCtrl_SnapshotDone (0)
01-19 15:12:32.032 I/caladbolg(17252): 1637974162 cald_hal_qct.c                    (3182) 11880 P [HAL] 1637974162 + Cald_Hal_Qct_If_StopSnapshot
01-19 15:12:32.032 I/caladbolg(17252): 1637974254 cald_hal_qct.c                    (3211) 11880 P [HAL] 1637974254 - Cald_Hal_Qct_If_StopSnapshot (0)
01-19 15:12:32.032 I/caladbolg(17252): 1637974773 cald_capctrl.c                    (7713) 11880 P [CAP] 1637974773 - Cald_CapCtrl_FSM_Func_Hal_EncodeDone
01-19 15:12:32.032 I/caladbolg(17252): 1637977550 cald_capctrl.c                    (6371) 11880 P [CAP] 1637977550 + Cald_CapCtrl_FSM_Func_StopPreview
01-19 15:12:32.032 I/caladbolg(17252): 1637977672 cald_hal_qct.c                    (3054) 11880 P [HAL] 1637977641 + Cald_Hal_Qct_If_StopPreview
01-19 15:12:32.032 I/caladbolg(17252): 1637977733 cald_hal_qct.c                    (3087) 11880 P [HAL] 1637977733 - Cald_Hal_Qct_If_StopPreview (0)
01-19 15:12:32.032 I/caladbolg(17252): 1637979411 cald_capctrl.c                    (6382) 11880 P [CAP] 1637979381 - Cald_CapCtrl_FSM_Func_StopPreview
01-19 15:12:32.042 I/caladbolg(17252): 1637986278 cald_capctrl.c                    (6128) 11880 P [CAP] 1637986247 + Cald_CapCtrl_FSM_Func_StartPreview
01-19 15:12:32.042 I/caladbolg(17252): 1637987834 cald_hal_qct.c                    (2983) 11880 P [HAL] 1637987804 + Cald_Hal_Qct_If_StartPreview
01-19 15:12:32.052 W/kernel  (  130): [263115.127014] msm_pp_release: pp not in progress for 0
01-19 15:12:32.062 I/caladbolg(17252): 1638009135 cald_hal_qct.c                    (3042) 11880 P [HAL] 1638009135 - Cald_Hal_Qct_If_StartPreview (0)
01-19 15:12:32.062 I/caladbolg(17252): 1638009257 cald_hal_qct.c                    (6612) 11880 P [HAL] 1638009257 + Cald_Hal_Qct_If_CreateImageConvert
01-19 15:12:32.062 I/caladbolg(17252): 1638010020 cald_hal_qct.c                    (6890) 11880 P [HAL] 1638009990 - Cald_Hal_Qct_If_CreateImageConvert (0)
01-19 15:12:32.062 I/caladbolg(17252): 1638010081 cald_capctrl.c                    (6358) 11880 P [CAP] 1638010081 - Cald_CapCtrl_FSM_Func_StartPreview
01-19 15:12:32.062 I/caladbolg(17252): 1638010265 cald_capctrl.c                    (8235) 11880 P [CAP] 1638010265 + Cald_CapCtrl_FSM_Func_Face_StartDone
01-19 15:12:32.062 I/caladbolg(17252): 1638010326 cald_capctrl.c                    (8246) 11880 P [CAP] 1638010326 - Cald_CapCtrl_FSM_Func_Face_StartDone
01-19 15:12:32.062 I/caladbolg(17252): 1638010509 cald_camctrl.c                    (4579) 11878 P [SVR] 1638010478 + Cald_CamCtrl_ICamera_CancelAutoLock
01-19 15:12:32.062 I/caladbolg(17252): 1638010600 cald_camctrl.c                    (9432) 11878 P [SVR] 1638010600 + Cald_CamCtrl_FSM_Func_CancelAutoLock
01-19 15:12:32.162 I/caladbolg(17252): 1638107768 cald_camctrl.c                    (9454) 11878 P [SVR] 1638107738 - Cald_CamCtrl_FSM_Func_CancelAutoLock (0)
01-19 15:12:32.162 I/caladbolg(17252): 1638107982 cald_camctrl.c                    (4584) 11878 P [SVR] 1638107982 - Cald_CamCtrl_ICamera_CancelAutoLock (0)
01-19 15:12:32.212 I/caladbolg(17252): 1638161540 cald_camctrl.c                   (14164) 11880 P [SVR] 1638161510 + Cald_CamCtrl_FSM_Func_FrameDoneVF
01-19 15:12:32.222 I/caladbolg(17252): 1638162028 cald_camctrl.c                   (14174) 11880 P [SVR] 1638161998 - Cald_CamCtrl_FSM_Func_FrameDoneVF
01-19 15:12:32.392 I/ActivityManager(  233): Start proc android.process.media for content provider com.android.providers.media/.MediaProvider: pid=11923 uid=10002 gids={1015, 2001, 3003}
01-19 15:12:32.452 I/ActivityThread(11923): Pub downloads: com.android.providers.downloads.DownloadProvider
01-19 15:12:32.462 I/ActivityThread(11923): Pub drm: com.android.providers.drm.DrmProvider
01-19 15:12:32.462 I/ActivityThread(11923): Pub media: com.android.providers.media.MediaProvider
01-19 15:12:32.472 V/MediaProvider(11923): Attached volume: internal
01-19 15:12:32.472 V/MediaProvider(11923): /mnt/sdcard volume ID: 1138963242
01-19 15:12:32.502 V/MediaProvider(11923): Attached volume: external
01-19 15:12:32.932 D/dalvikvm(11853): GC_CONCURRENT freed 948K, 50% free 3814K/7559K, external 5472K/6794K, paused 2ms+10ms
01-19 15:12:33.432 D/dalvikvm(11853): GC_CONCURRENT freed 88K, 48% free 3942K/7559K, external 8456K/9623K, paused 2ms+9ms
01-19 15:12:33.922 I/WindowManager(  233): Setting rotation to 0, animFlags=1
01-19 15:12:33.942 E/OverlayLIB(  233): setPosition failed
01-19 15:12:33.942 I/ActivityManager(  233): Config changed: { scale=1.0 imsi=404/13 loc=en_US touch=3 keys=1/1/2 nav=1/1 orien=1 layout=34 uiMode=17 theme=ComponentInfo{com.sonyericsson.defaultruntimethemes/com.sonyericsson.defaultruntimethemes.BlackThemeService} seq=892}
01-19 15:12:33.972 D/RPLOG   (11521): RP (RP-MediaPlaybackService) onConfigurationChanged
01-19 15:12:33.972 W/RPLOG   (11521): RP (RP-MediaPlaybackService) WIDGET: No ids found.
01-19 15:12:33.982 D/GestureDetector( 1093): touchSlop:35 doubleTapSlop:215
01-19 15:12:34.042 E/OverlayLIB(  233): setPosition failed
01-19 15:12:34.102 E/OverlayLIB(  233): setPosition failed
01-19 15:12:34.182 W/ActivityManager(  233): Activity pause timeout for HistoryRecord{2b4f1608 com.sonyericsson.android.camera/.CameraActivityForCaptureOnly}
01-19 15:12:34.182 I/ActivityManager(  233): Start proc e2o.mobile for activity e2o.mobile/.Home: pid=11933 uid=10025 gids={1006, 3003, 1015}
01-19 15:12:34.212 E/OverlayLIB(  233): setPosition failed
01-19 15:12:34.232 D/CustomizationProvider(11860): openFile -- START uri=content://com.sonyericsson.provider.customization/settings/com.sonyericsson.textinput.uxp
01-19 15:12:34.232 I/CustomizationProvider(11860): No configuration file: /system/etc/customization/settings/com/sonyericsson/textinput/uxp/custom_settings.xml
01-19 15:12:34.272 E/OverlayLIB(  233): setPosition failed
01-19 15:12:34.292 E/OverlayLIB(  233): setPosition failed
01-19 15:12:34.492 I/caladbolg(17252): 1640433391 cald_camctrl.c                    (4579) 11878 P [SVR] 1640433360 + Cald_CamCtrl_ICamera_CancelAutoLock
01-19 15:12:34.492 I/caladbolg(17252): 1640433482 cald_camctrl.c                    (9432) 11878 P [SVR] 1640433482 + Cald_CamCtrl_FSM_Func_CancelAutoLock
01-19 15:12:34.492 I/caladbolg(17252): 1640433543 cald_camctrl.c                    (9454) 11878 P [SVR] 1640433543 - Cald_CamCtrl_FSM_Func_CancelAutoLock (0)
01-19 15:12:34.492 I/caladbolg(17252): 1640433604 cald_camctrl.c                    (4584) 11878 P [SVR] 1640433574 - Cald_CamCtrl_ICamera_CancelAutoLock (0)
01-19 15:12:34.492 I/caladbolg(17252): 1640435008 cald_capctrl.c                    (6371) 11880 P [CAP] 1640435008 + Cald_CapCtrl_FSM_Func_StopPreview
01-19 15:12:34.492 I/caladbolg(17252): 1640435100 cald_hal_qct.c                    (3054) 11880 P [HAL] 1640435100 + Cald_Hal_Qct_If_StopPreview
01-19 15:12:34.492 I/caladbolg(17252): 1640435588 cald_hal_qct.c                    (3087) 11880 P [HAL] 1640435588 - Cald_Hal_Qct_If_StopPreview (0)
01-19 15:12:34.492 I/caladbolg(17252): 1640435680 cald_hal_qct.c                    (7007) 11880 P [HAL] 1640435680 + Cald_Hal_Qct_If_DeleteImageConvert
01-19 15:12:34.492 I/caladbolg(17252): 1640436046 cald_hal_qct.c                    (7036) 11880 P [HAL] 1640436046 - Cald_Hal_Qct_If_DeleteImageConvert (0)
01-19 15:12:34.492 I/caladbolg(17252): 1640437297 cald_capctrl.c                    (6382) 11880 P [CAP] 1640437297 - Cald_CapCtrl_FSM_Func_StopPreview
01-19 15:12:34.522 D/dalvikvm( 1093): GC_CONCURRENT freed 591K, 54% free 3453K/7367K, external 4214K/5097K, paused 2ms+6ms
01-19 15:12:34.552 D/dalvikvm(11853): GC_CONCURRENT freed 225K, 50% free 3783K/7559K, external 9529K/11577K, paused 2ms+5ms
01-19 15:12:34.612 D/AudioHardwareMSM7X30(17252): AudioStreamOutMSM72xx::standby()
01-19 15:12:34.612 D/AudioHardwareMSM7X30(17252): updateDeviceInfo: E rx_device 32 and tx_device 13
01-19 15:12:34.612 D/AudioHardwareMSM7X30(17252): No active voicecall/playback, disabling cur_rx 32
01-19 15:12:34.612 D/AudioHardwareMSM7X30(17252): value of device and enable is 32 0
01-19 15:12:34.612 D/AudioHardwareMSM7X30(17252): No active voicecall/recording, disabling cur_tx 13
01-19 15:12:34.612 D/AudioHardwareMSM7X30(17252): value of device and enable is 13 0
01-19 15:12:34.612 D/AudioHardwareMSM7X30(17252): updateDeviceInfo: X cur_rx 32 cur_tx 13
01-19 15:12:34.622 D/kernel  (  130): [263117.693542] [msm7x30.c:msm_device_put] device xloud_speaker_mono_rx set 0
01-19 15:12:34.622 D/kernel  (  130): [263117.694580] msm_snddev_poweramp_off: power off amplifier
01-19 15:12:34.622 D/kernel  (  130): [263117.697204] [adsp.c:msm_adsp_put] closing module AFETASK
01-19 15:12:34.622 D/kernel  (  130): [263117.697509] [msm7x30.c:msm_device_put] device speaker_mono_tx set 0
01-19 15:12:34.622 D/kernel  (  130): [263117.697601] [audpp.c:audpp_dsp_event] DISABLE
01-19 15:12:34.622 D/kernel  (  130): [263117.698364] [audpp.c:audpp_disable] Received CFG_MSG_DISABLE from ADSP
01-19 15:12:34.622 D/kernel  (  130): [263117.698394] [adsp.c:msm_adsp_disable] disable interrupt
01-19 15:12:34.622 D/kernel  (  130): [263117.698394] [adsp.c:msm_adsp_put] closing module AUDPPTASK
01-19 15:12:34.652 I/START   (11933): onStart()
01-19 15:12:34.672 E/OverlayLIB(  233): setPosition failed
01-19 15:12:34.692 E/OverlayLIB(  233): setPosition failed
01-19 15:12:34.712 D/dalvikvm(11933): GC_CONCURRENT freed 99K, 46% free 2974K/5447K, external 2662K/3324K, paused 2ms+7ms
01-19 15:12:34.752 E/OverlayLIB(  233): setPosition failed
01-19 15:12:34.772 E/OverlayLIB(  233): setPosition failed
01-19 15:12:34.772 I/ActivityManager(  233): Displayed e2o.mobile/.Home: +596ms
01-19 15:12:34.822 D/szipinf (11933): Initializing inflate state
01-19 15:12:34.822 D/szipinf (11933): Initializing zlib to inflate
01-19 15:12:34.842 D/szipinf (11933): Initializing inflate state
01-19 15:12:34.842 D/szipinf (11933): Initializing zlib to inflate
01-19 15:12:34.872 W/AudioService(  233): stream was not muted by this client
01-19 15:12:34.872 E/AudioService(  233): Could not get client death handler for stream: 5
01-19 15:12:34.882 W/AudioService(  233): stream was not muted by this client
01-19 15:12:34.882 E/AudioService(  233): Could not get client death handler for stream: 5
01-19 15:12:34.882 I/caladbolg(17252): 1640823680 cald_camctrl.c                    (4579) 11878 P [SVR] 1640823650 + Cald_CamCtrl_ICamera_CancelAutoLock
01-19 15:12:34.882 I/caladbolg(17252): 1640823772 cald_camctrl.c                    (9432) 11878 P [SVR] 1640823772 + Cald_CamCtrl_FSM_Func_CancelAutoLock
01-19 15:12:34.882 I/caladbolg(17252): 1640823833 cald_camctrl.c                    (9454) 11878 P [SVR] 1640823833 - Cald_CamCtrl_FSM_Func_CancelAutoLock (0)
01-19 15:12:34.882 I/caladbolg(17252): 1640823894 cald_camctrl.c                    (4584) 11878 P [SVR] 1640823863 - Cald_CamCtrl_ICamera_CancelAutoLock (0)
01-19 15:12:34.882 I/caladbolg(17252): 1640825969 cald_camctrl.c                    (6724) 11878 P [SVR] 1640825938 + Cald_CamCtrl_PowerDown
01-19 15:12:34.882 I/caladbolg(17252): 1640826060 cald_camctrl.c                    (7569) 11878 P [SVR] 1640826060 + Cald_CamCtrl_FSM_Func_PowerDown
01-19 15:12:34.882 I/caladbolg(17252): 1640827800 cald_hal_qct.c                    (2863) 11878 P [HAL] 1640827800 + Cald_Hal_Qct_If_PowerDown
01-19 15:12:34.892 D/szipinf (11933): Initializing inflate state
01-19 15:12:34.892 D/szipinf (11933): Initializing zlib to inflate
01-19 15:12:34.932 D/szipinf (11933): Initializing inflate state
01-19 15:12:34.942 D/szipinf (11933): Initializing zlib to inflate
01-19 15:12:34.952 D/kernel  (  130): [263118.019805] mdp4_overlay_pipe_free: pipe=80742808 ndx=5
01-19 15:12:34.982 D/kernel  (  130): [263118.049804] mdp4_overlay_pipe_free: pipe=80742964 ndx=6
01-19 15:12:35.052 D/dalvikvm(11933): GC_CONCURRENT freed 222K, 42% free 3656K/6279K, external 2662K/3324K, paused 2ms+26ms
01-19 15:12:35.122 D/kernel  (  130): [263118.189788] mdp4_dtv_off
01-19 15:12:35.332 I/caladbolg(17252): 1641275981 cald_hal_qct.c                    (2891) 11878 P [HAL] 1641275981 - Cald_Hal_Qct_If_PowerDown (0)
01-19 15:12:35.342 I/caladbolg(17252): 1641282603 cald_camctrl.c                    (7607) 11878 P [SVR] 1641282603 - Cald_CamCtrl_FSM_Func_PowerDown (0)
01-19 15:12:35.342 I/caladbolg(17252): 1641283061 cald_camctrl.c                    (6729) 11878 P [SVR] 1641283031 - Cald_CamCtrl_PowerDown (0)
01-19 15:12:35.442 W/InputManagerService(  233): Starting input on non-focused client com.android.internal.view.IInputMethodClient$Stub$Proxy@2b5844e0 (uid=10082 pid=11853)
01-19 15:12:35.442 W/InputManagerService(  233): Starting input on non-focused client com.android.internal.view.IInputMethodClient$Stub$Proxy@2b5844e0 (uid=10082 pid=11853)
01-19 15:12:35.462 W/IInputConnectionWrapper(11853): getTextBeforeCursor on inactive InputConnection
01-19 15:12:35.472 W/IInputConnectionWrapper(11853): getTextBeforeCursor on inactive InputConnection
01-19 15:12:35.472 W/IInputConnectionWrapper(11853): getExtractedText on inactive InputConnection
01-19 15:12:35.492 W/IInputConnectionWrapper(11853): showStatusIcon on inactive InputConnection
01-19 15:12:35.522 D/CustomizationProvider(11860): openFile -- START uri=content://com.sonyericsson.provider.customization/settings/com.sonyericsson.textinput.uxp
01-19 15:12:35.522 I/CustomizationProvider(11860): No configuration file: /system/etc/customization/settings/com/sonyericsson/textinput/uxp/custom_settings.xml
01-19 15:12:35.812 I/Web Console(11933): picked picked!!! at file:///android_asset/www/static/javascript/checkuploadimage.js:5
01-19 15:12:36.242 I/Database(11933): sqlite returned: error code = 14, msg = cannot open file at line 27205 of [42537b6056]
01-19 15:12:36.262 I/Web Console(11933): plugn added!!! at file:///android_asset/www/static/javascript/checkuploadimage.js:36
01-19 15:12:36.262 I/Web Console(11933): object at file:///android_asset/www/static/javascript/checkuploadimage.js:38
01-19 15:12:36.492 D/dalvikvm(  233): GC_EXPLICIT freed 234K, 47% free 8847K/16519K, external 9110K/11158K, paused 210ms
01-19 15:12:36.512 D/szipinf (11933): Initializing inflate state
01-19 15:12:36.512 D/szipinf (11933): Initializing zlib to inflate
01-19 15:12:37.282 W/kernel  (  130): [263120.352508] select 11853 (.android.camera), adj 8, size 7666, to kill
01-19 15:12:37.282 W/kernel  (  130): [263120.352569] send sigkill to 11853 (.android.camera), adj 8, size 7666
01-19 15:12:37.342 I/Web Console(11933): QONTEXT ================QONTEXT BOOTING====================================== at file:///android_asset/www/static/javascript/initializer.js:1009
01-19 15:12:37.342 I/Web Console(11933): QONTEXT 0.1 at file:///android_asset/www/static/javascript/initializer.js:1009
01-19 15:12:37.362 I/Web Console(11933): QONTEXT suc:/android_asset/www/index.html at file:///android_asset/www/static/javascript/initializer.js:1009
01-19 15:12:37.432 I/ActivityManager(  233): Process com.sonyericsson.android.camera (pid 11853) has died.
01-19 15:12:37.962 I/Web Console(11933): QONTEXT https://pramati.qontext.com/portal/api/profile?csrf-token=fb3b20b77aaaf9b6f8e0d06f063deb0d ==TIME:15:12:37 at file:///android_asset/www/static/javascript/initializer.js:1009
01-19 15:12:40.472 D/dalvikvm(11933): GC_CONCURRENT freed 1213K, 51% free 3602K/7239K, external 2662K/3324K, paused 4ms+3ms
01-19 15:12:40.852 I/Web Console(11933): QONTEXT https://pramati.qontext.com/login/rest/auth?csrf-token=fb3b20b77aaaf9b6f8e0d06f063deb0d ==TIME:15:12:40 at file:///android_asset/www/static/javascript/initializer.js:1009
01-19 15:12:41.722 I/Web Console(11933): QONTEXT https://pramati.qontext.com/login/rest/auth?csrf-token=CHZHRdf6Sc5y73wzfKqdpM6K ==TIME:15:12:41 at file:///android_asset/www/static/javascript/initializer.js:1009
01-19 15:12:43.292 I/Web Console(11933): QONTEXT starting checkalerts at file:///android_asset/www/static/javascript/initializer.js:1009
01-19 15:12:44.132 D/CheckUploadImage:action=(11933): checkimage
01-19 15:12:44.152 E/File Path AFTER:(11933): /mnt/sdcard/Android/data/e2o.mobile/cache
01-19 15:12:44.182 W/InputManagerService(  233): Window already focused, ignoring focus gain of: com.android.internal.view.IInputMethodClient$Stub$Proxy@2b674118
01-19 15:12:44.192 D/Bitmap: (11933): Getting bitmap
01-19 15:12:44.332 D/dalvikvm(11933): GC_CONCURRENT freed 387K, 53% free 3441K/7239K, external 14752K/16800K, paused 3ms+25ms
01-19 15:12:44.352 I/Web Console(11933): QONTEXT suc:/android_asset/www/feed.html at file:///android_asset/www/static/javascript/initializer.js:1009
01-19 15:12:44.902 W/kernel  (  130): [263127.974212] select 11860 (n.customization), adj 7, size 3903, to kill
01-19 15:12:44.902 W/kernel  (  130): [263127.974243] select 11867 (n.conversations), adj 8, size 4691, to kill
01-19 15:12:44.902 W/kernel  (  130): [263127.974243] send sigkill to 11867 (n.conversations), adj 8, size 4691
01-19 15:12:44.902 I/ActivityManager(  233): Process com.sonyericsson.conversations (pid 11867) has died.
01-19 15:12:44.992 W/kernel  (  130): [263128.064971] select 11860 (n.customization), adj 7, size 3902, to kill
01-19 15:12:44.992 W/kernel  (  130): [263128.065002] select 11923 (d.process.media), adj 7, size 4822, to kill
01-19 15:12:44.992 W/kernel  (  130): [263128.065002] send sigkill to 11923 (d.process.media), adj 7, size 4822
01-19 15:12:44.992 I/ActivityManager(  233): Process android.process.media (pid 11923) has died.
01-19 15:12:45.082 I/ActivityManager(  233): Process com.sonyericsson.customization (pid 11860) has died.
01-19 15:12:45.082 I/ActivityManager(  233): Low Memory: No more background processes.
01-19 15:12:45.092 W/kernel  (  130): [263128.163421] select 11860 (n.customization), adj 7, size 3902, to kill
01-19 15:12:45.092 W/kernel  (  130): [263128.163421] send sigkill to 11860 (n.customization), adj 7, size 3902
01-19 15:12:45.552 I/ActivityManager(  233): Start proc android.process.media for content provider com.android.providers.media/.MediaProvider: pid=11958 uid=10002 gids={1015, 2001, 3003}
01-19 15:12:45.622 I/Web Console(11933): QONTEXT https://pramati.qontext.com/notifications/feeds/network/2010122447649?type=plain&start=0&startIndex=0&count=20&csrf-token=98969272ec5eed2d546bd9b2f47b7aea ==TIME:15:12:45 at file:///android_asset/www/static/javascript/initializer.js:1009
01-19 15:12:45.622 I/ActivityThread(11958): Pub downloads: com.android.providers.downloads.DownloadProvider
01-19 15:12:45.652 I/ActivityThread(11958): Pub drm: com.android.providers.drm.DrmProvider
01-19 15:12:45.652 I/ActivityThread(11958): Pub media: com.android.providers.media.MediaProvider
01-19 15:12:45.672 V/MediaProvider(11958): Attached volume: internal
01-19 15:12:45.682 V/MediaProvider(11958): /mnt/sdcard volume ID: 1138963242
01-19 15:12:45.732 V/MediaProvider(11958): Attached volume: external
01-19 15:12:45.782 W/MediaProvider(11958): original file hasn't been stored yet: /mnt/sdcard/DCIM/Camera/1326966165745.jpg
01-19 15:12:47.022 I/Web Console(11933): QONTEXT SUCCESS RESPONSE for https://pramati.qontext.com/notifications/feeds/network/2010122447649?type=plain&start=0&startIndex=0&count=20&csrf-token=98969272ec5eed2d546bd9b2f47b7aea ##TIME:15:12:46 at file:///android_asset/www/static/javascript/initializer.js:1009
01-19 15:12:47.062 W/kernel  (  130): [263130.130737] select 2066 (logcat), adj 4, size 82, to kill
01-19 15:12:47.062 W/kernel  (  130): [263130.130737] select 2613 (t.android.yahoo), adj 4, size 4344, to kill
01-19 15:12:47.062 W/kernel  (  130): [263130.130767] select 5173 (son.eventstream), adj 4, size 4467, to kill
01-19 15:12:47.062 W/kernel  (  130): [263130.130767] select 10098 (m.facebook.orca), adj 4, size 4560, to kill
01-19 15:12:47.062 W/kernel  (  130): [263130.130798] send sigkill to 10098 (m.facebook.orca), adj 4, size 4560
01-19 15:12:47.072 I/ActivityManager(  233): Process com.facebook.orca (pid 10098) has died.
01-19 15:12:47.072 W/ActivityManager(  233): Scheduling restart of crashed service com.facebook.orca/.push.mqtt.MqttPushService in 5000ms
01-19 15:12:47.072 W/ActivityManager(  233): Scheduling restart of crashed service com.facebook.orca/.server.OrcaService in 14999ms
01-19 15:12:47.072 I/ActivityManager(  233): Low Memory: No more background processes.
01-19 15:12:47.912 D/CheckImage:(11933):  Returning result OK
01-19 15:12:47.922 I/Web Console(11933): .prototype.loadSharePage, url:content://media/external/images/media/485 at file:///android_asset/www/static/javascript/checkuploadimage.js:10
01-19 15:12:47.932 I/Web Console(11933): in init.js : loadSharePage:content://media/external/images/media/485 at file:///android_asset/www/static/javascript/initializer.js:1022
01-19 15:12:48.272 I/Web Console(11933): photocapture at file:///android_asset/www/static/javascript/qontext_v0.1.js:1517
01-19 15:12:48.272 I/Web Console(11933): in IF IF IF at file:///android_asset/www/static/javascript/qontext_v0.1.js:1519
01-19 15:12:48.462 I/Web Console(11933): This is a file at file:///android_asset/www/static/javascript/phonegap.js:3242
01-19 15:12:51.192 D/lights  (  233): set_light_buttons: brightness=255
01-19 15:12:51.702 I/ActivityManager(  233): Starting: Intent { act=android.intent.action.MAIN cat=[android.intent.category.HOME] flg=0x10200000 cmp=com.sonyericsson.home/.HomeActivity } from pid 233
01-19 15:12:51.712 I/PAUSE   (11933): onPause()
01-19 15:12:51.732 I/ActivityManager(  233): Start proc com.sonyericsson.home for activity com.sonyericsson.home/.HomeActivity: pid=11968 uid=10044 gids={1015, 3003}
01-19 15:12:52.082 I/ActivityManager(  233): Start proc com.facebook.orca for service com.facebook.orca/.push.mqtt.MqttPushService: pid=11977 uid=10116 gids={3003, 1015, 1006}
01-19 15:12:52.242 D/dalvikvm(11968): GC_CONCURRENT freed 236K, 44% free 3438K/6087K, external 2178K/2672K, paused 5ms+5ms
01-19 15:12:52.352 V/orca:OrcaApplication(11977): Forcing initialization of AsyncTask
01-19 15:12:52.562 W/global  (11968): Customization file not found: /etc/customization/settings/com/sonyericsson/home/default_settings_global.xml
01-19 15:12:52.592 I/ActivityManager(  233): Start proc com.sonyericsson.customization for content provider com.sonyericsson.provider.customization/.CustomizationProvider: pid=11985 uid=10063 gids={}
01-19 15:12:52.712 I/ActivityThread(11985): Pub com.sonyericsson.provider.customization: com.sonyericsson.provider.customization.CustomizationProvider
01-19 15:12:52.712 D/dalvikvm(  121): GC_EXPLICIT freed 11K, 49% free 2762K/5379K, external 1685K/2133K, paused 122ms
01-19 15:12:52.722 I/ActivityThread(11985): Pub com.sonyericsson.provider.useragent: com.sonyericsson.provider.useragent.UserAgentProvider
01-19 15:12:52.762 D/CustomizationProvider(11985): openFile -- START uri=content://com.sonyericsson.provider.customization/settings/com.sonyericsson.provider.useragent
01-19 15:12:52.772 I/CustomizationProvider(11985): No configuration file: /system/etc/customization/settings/com/sonyericsson/provider/useragent/custom_settings.xml
01-19 15:12:52.772 W/UserAgentProvider(11985): onCreatejava.io.FileNotFoundException
01-19 15:12:52.792 D/dalvikvm(11968): GC_CONCURRENT freed 690K, 48% free 3374K/6471K, external 2831K/3524K, paused 3ms+15ms
01-19 15:12:52.802 D/CustomizationProvider(11985): openFile -- START uri=content://com.sonyericsson.provider.customization/settings/com.sonyericsson.home/custom_settings_global.xml
01-19 15:12:52.822 I/CustomizationProvider(11985): No configuration file: /system/etc/customization/settings/com/sonyericsson/home/custom_settings_global.xml
01-19 15:12:52.822 D/dalvikvm(  121): GC_EXPLICIT freed <1K, 49% free 2762K/5379K, external 1685K/2133K, paused 101ms
01-19 15:12:52.872 W/InputManagerService(  233): Starting input on non-focused client com.android.internal.view.IInputMethodClient$Stub$Proxy@2b5de550 (uid=10025 pid=11933)
01-19 15:12:52.892 D/dalvikvm(  121): GC_EXPLICIT freed <1K, 49% free 2762K/5379K, external 1685K/2133K, paused 77ms
01-19 15:12:52.922 I/ActivityManager(  233): Displayed com.sonyericsson.home/.HomeActivity: +1s201ms
01-19 15:12:52.982 D/CustomizationProvider(11985): openFile -- START uri=content://com.sonyericsson.provider.customization/settings/com.sonyericsson.textinput.uxp
01-19 15:12:52.982 I/CustomizationProvider(11985): No configuration file: /system/etc/customization/settings/com/sonyericsson/textinput/uxp/custom_settings.xml
01-19 15:12:53.202 W/OrcaGuiceModule(11977): Sig: ijxLJi1yGs1JpL-X1SExmchvork
01-19 15:12:53.272 W/Resources(11977): Converting to string: TypedValue{t=0x10/d=0xffffffff a=-1}
01-19 15:12:53.272 I/ActivityManager(  233): Start proc com.google.android.googlequicksearchbox for broadcast com.google.android.googlequicksearchbox/.SearchWidgetProvider: pid=11993 uid=10098 gids={3003}
01-19 15:12:53.362 D/ACRA    (11977): Retrieve application default SharedPreferences.
01-19 15:12:53.362 D/ACRA    (11977): Set OnSharedPreferenceChangeListener.
01-19 15:12:53.362 D/ACRA    (11977): ACRA is enabled for com.facebook.orca, intializing...
01-19 15:12:53.382 D/ACRA    (11977): Looking for error files in /data/data/com.facebook.orca/files
01-19 15:12:53.622 I/ActivityThread(11993): Pub com.google.android.googlequicksearchbox.google: com.google.android.googlequicksearchbox.google.GoogleSuggestionProvider
01-19 15:12:53.722 W/kernel  (  130): [263136.793548] select 11933 (e2o.mobile), adj 7, size 12483, to kill
01-19 15:12:53.722 W/kernel  (  130): [263136.793579] send sigkill to 11933 (e2o.mobile), adj 7, size 12483
01-19 15:12:53.732 D/dalvikvm(11977): GC_CONCURRENT freed 920K, 49% free 3499K/6791K, external 1685K/2133K, paused 6ms+3ms
01-19 15:12:53.772 I/ActivityThread(11993): Pub com.google.android.googlequicksearchbox.shortcuts: com.google.android.googlequicksearchbox.ShortcutsProvider
01-19 15:12:53.792 I/ActivityManager(  233): Start proc com.sonyericsson.widget.togglewidgets for broadcast com.sonyericsson.widget.togglewidgets/.BluetoothWidget: pid=12002 uid=10062 gids={3001, 3002}
01-19 15:12:53.982 D/dalvikvm(11968): GC_CONCURRENT freed 322K, 45% free 3600K/6471K, external 3720K/4409K, paused 4ms+8ms
01-19 15:12:53.992 D/dalvikvm(11977): GC_FOR_MALLOC freed 148K, 48% free 3570K/6791K, external 1685K/2133K, paused 95ms
01-19 15:12:53.992 I/dalvikvm-heap(11977): Grow heap (frag case) to 7.501MB for 47122-byte allocation
01-19 15:12:54.052 D/dalvikvm(11977): GC_FOR_MALLOC freed <1K, 48% free 3616K/6855K, external 1685K/2133K, paused 46ms
01-19 15:12:54.072 E/InputDispatcher(  233): channel '2b6eb340 e2o.mobile/e2o.mobile.Home (server)' ~ Consumer closed input channel or an error occurred.  events=0x8
01-19 15:12:54.072 E/InputDispatcher(  233): channel '2b6eb340 e2o.mobile/e2o.mobile.Home (server)' ~ Channel is unrecoverably broken and will be disposed!
01-19 15:12:54.072 I/WindowManager(  233): WINDOW DIED Window{2b6eb340 e2o.mobile/e2o.mobile.Home paused=false}
01-19 15:12:54.072 I/ActivityManager(  233): Process e2o.mobile (pid 11933) has died.
